// Jest Snapshot v1, https://goo.gl/fbAQLP

exports[`HabitsScreen should render correctly 1`] = `
<DocumentFragment>
  <div>
    <h2
      class="mb-4 font-extrabold tracking-tight text-2xl"
      level="h4"
    >
      Habits tracker
    </h2>
    <div
      class="bg-slate-300/5 rounded p-6"
    >
      <table
        class="table-fixed"
      >
        <thead>
          <tr>
            <th />
            <th
              title="Sat Jun 24 2023"
            >
              <p
                class="text-sm mb-2 tracking-tight text-slate-400 font-normal"
              >
                24
              </p>
            </th>
            <th
              title="Sun Jun 25 2023"
            >
              <p
                class="text-sm mb-2 tracking-tight text-slate-400 font-normal"
              >
                25
              </p>
            </th>
            <th
              title="Mon Jun 26 2023"
            >
              <p
                class="text-sm mb-2 tracking-tight text-slate-400 font-normal"
              >
                26
              </p>
            </th>
            <th
              title="Tue Jun 27 2023"
            >
              <p
                class="text-sm mb-2 tracking-tight text-slate-400 font-normal"
              >
                27
              </p>
            </th>
            <th
              title="Wed Jun 28 2023"
            >
              <p
                class="text-sm mb-2 tracking-tight text-slate-400 font-normal"
              >
                28
              </p>
            </th>
            <th
              title="Thu Jun 29 2023"
            >
              <p
                class="text-sm mb-2 tracking-tight text-slate-400 font-normal"
              >
                29
              </p>
            </th>
            <th
              title="Fri Jun 30 2023"
            >
              <p
                class="text-sm mb-2 tracking-tight text-slate-400 font-normal"
              >
                30
              </p>
            </th>
            <th
              title="Sat Jul 01 2023"
            >
              <p
                class="text-sm mb-2 tracking-tight text-slate-400 font-normal"
              >
                1
              </p>
            </th>
            <th
              title="Sun Jul 02 2023"
            >
              <p
                class="text-sm mb-2 tracking-tight text-slate-400 font-normal"
              >
                2
              </p>
            </th>
            <th
              title="Mon Jul 03 2023"
            >
              <p
                class="text-sm mb-2 tracking-tight text-slate-400 font-normal"
              >
                3
              </p>
            </th>
            <th
              title="Tue Jul 04 2023"
            >
              <p
                class="text-sm mb-2 tracking-tight text-slate-400 font-normal"
              >
                4
              </p>
            </th>
            <th
              title="Wed Jul 05 2023"
            >
              <p
                class="text-sm mb-2 tracking-tight text-slate-400 font-normal"
              >
                5
              </p>
            </th>
            <th
              title="Thu Jul 06 2023"
            >
              <p
                class="text-sm mb-2 tracking-tight text-slate-400 font-normal"
              >
                6
              </p>
            </th>
            <th
              title="Fri Jul 07 2023"
            >
              <p
                class="text-sm mb-2 tracking-tight text-slate-400 font-normal"
              >
                7
              </p>
            </th>
            <th
              title="Sat Jul 08 2023"
            >
              <p
                class="text-sm mb-2 tracking-tight text-slate-400 font-normal"
              >
                8
              </p>
            </th>
            <th
              title="Sun Jul 09 2023"
            >
              <p
                class="text-sm mb-2 tracking-tight text-slate-400 font-normal"
              >
                9
              </p>
            </th>
            <th
              title="Mon Jul 10 2023"
            >
              <p
                class="text-sm mb-2 tracking-tight text-slate-400 font-normal"
              >
                10
              </p>
            </th>
            <th
              title="Tue Jul 11 2023"
            >
              <p
                class="text-sm mb-2 tracking-tight text-slate-400 font-normal"
              >
                11
              </p>
            </th>
            <th
              title="Wed Jul 12 2023"
            >
              <p
                class="text-sm mb-2 tracking-tight text-slate-400 font-normal"
              >
                12
              </p>
            </th>
            <th
              title="Thu Jul 13 2023"
            >
              <p
                class="text-sm mb-2 tracking-tight text-slate-400 font-normal"
              >
                13
              </p>
            </th>
            <th
              title="Fri Jul 14 2023"
            >
              <p
                class="text-sm mb-2 tracking-tight text-slate-400 font-normal"
              >
                14
              </p>
            </th>
            <th
              title="Sat Jul 15 2023"
            >
              <p
                class="text-sm mb-2 tracking-tight text-slate-400 font-normal"
              >
                15
              </p>
            </th>
            <th
              title="Sun Jul 16 2023"
            >
              <p
                class="text-sm mb-2 tracking-tight text-slate-400 font-normal"
              >
                16
              </p>
            </th>
          </tr>
        </thead>
        <tbody>
          <tr>
            <td
              class="flex"
            >
              <a
                class="text-sm whitespace-nowrap py-2 px-6 rounded-full justify-center rounded-lg font-semibold py-2.5 px-4 hover:text-slate-200 !p-0 truncate absolute max-w-[200px] sm:static mr-2"
                href="/habits/1"
              >
                Reading
              </a>
            </td>
            <td>
              <div
                class="mt-6 sm:mt-0 border border-slate-500 hover:border-slate-200 whitespace-nowrap rounded w-7 h-7 items-center inline-flex justify-center"
                title="This is a future date. You can't mark tasks as completed in advance."
              />
            </td>
            <td>
              <div
                class="mt-6 sm:mt-0 border border-slate-500 hover:border-slate-200 whitespace-nowrap rounded w-7 h-7 items-center inline-flex justify-center"
                title="This is a future date. You can't mark tasks as completed in advance."
              />
            </td>
            <td>
              <div
                class="mt-6 sm:mt-0 border border-slate-500 hover:border-slate-200 whitespace-nowrap rounded w-7 h-7 items-center inline-flex justify-center"
                title="This is a future date. You can't mark tasks as completed in advance."
              />
            </td>
            <td>
              <div
                class="mt-6 sm:mt-0 border border-slate-500 hover:border-slate-200 whitespace-nowrap rounded w-7 h-7 items-center inline-flex justify-center"
                title="This is a future date. You can't mark tasks as completed in advance."
              />
            </td>
            <td>
              <div
                class="mt-6 sm:mt-0 border border-slate-500 hover:border-slate-200 whitespace-nowrap rounded w-7 h-7 items-center inline-flex justify-center"
                title="This is a future date. You can't mark tasks as completed in advance."
              />
            </td>
            <td>
              <div
                class="mt-6 sm:mt-0 border border-slate-500 hover:border-slate-200 whitespace-nowrap rounded w-7 h-7 items-center inline-flex justify-center"
                title="This is a future date. You can't mark tasks as completed in advance."
              />
            </td>
            <td>
              <div
                class="mt-6 sm:mt-0 border border-slate-500 hover:border-slate-200 whitespace-nowrap rounded w-7 h-7 items-center inline-flex justify-center"
                title="This is a future date. You can't mark tasks as completed in advance."
              />
            </td>
            <td>
              <div
                class="mt-6 sm:mt-0 border border-slate-500 hover:border-slate-200 whitespace-nowrap rounded w-7 h-7 items-center inline-flex justify-center"
                title="This is a future date. You can't mark tasks as completed in advance."
              />
            </td>
            <td>
              <div
                class="mt-6 sm:mt-0 border border-slate-500 hover:border-slate-200 whitespace-nowrap rounded w-7 h-7 items-center inline-flex justify-center"
                title="This is a future date. You can't mark tasks as completed in advance."
              />
            </td>
            <td>
              <div
                class="mt-6 sm:mt-0 border border-slate-500 hover:border-slate-200 whitespace-nowrap rounded w-7 h-7 items-center inline-flex justify-center"
                title="This is a future date. You can't mark tasks as completed in advance."
              />
            </td>
            <td>
              <div
                class="mt-6 sm:mt-0 border border-slate-500 hover:border-slate-200 whitespace-nowrap rounded w-7 h-7 items-center inline-flex justify-center"
                title="This is a future date. You can't mark tasks as completed in advance."
              />
            </td>
            <td>
              <div
                class="mt-6 sm:mt-0 border border-slate-500 hover:border-slate-200 whitespace-nowrap rounded w-7 h-7 items-center inline-flex justify-center"
                title="This is a future date. You can't mark tasks as completed in advance."
              />
            </td>
            <td>
              <div
                class="mt-6 sm:mt-0 border border-slate-500 hover:border-slate-200 whitespace-nowrap rounded w-7 h-7 items-center inline-flex justify-center"
                title="This is a future date. You can't mark tasks as completed in advance."
              />
            </td>
            <td>
              <div
                class="mt-6 sm:mt-0 border border-slate-500 hover:border-slate-200 whitespace-nowrap rounded w-7 h-7 items-center inline-flex justify-center"
                title="This is a future date. You can't mark tasks as completed in advance."
              />
            </td>
            <td>
              <div
                class="mt-6 sm:mt-0 border border-slate-500 hover:border-slate-200 whitespace-nowrap rounded w-7 h-7 items-center inline-flex justify-center"
                title="This is a future date. You can't mark tasks as completed in advance."
              />
            </td>
            <td>
              <div
                class="mt-6 sm:mt-0 border border-slate-500 hover:border-slate-200 whitespace-nowrap rounded w-7 h-7 items-center inline-flex justify-center"
                title="This is a future date. You can't mark tasks as completed in advance."
              />
            </td>
            <td>
              <div
                class="mt-6 sm:mt-0 border border-slate-500 hover:border-slate-200 whitespace-nowrap rounded w-7 h-7 items-center inline-flex justify-center"
                title="This is a future date. You can't mark tasks as completed in advance."
              />
            </td>
            <td>
              <div
                class="mt-6 sm:mt-0 border border-slate-500 hover:border-slate-200 whitespace-nowrap rounded w-7 h-7 items-center inline-flex justify-center"
                title="This is a future date. You can't mark tasks as completed in advance."
              />
            </td>
            <td>
              <div
                class="mt-6 sm:mt-0 border border-slate-500 hover:border-slate-200 whitespace-nowrap rounded w-7 h-7 items-center inline-flex justify-center"
                title="This is a future date. You can't mark tasks as completed in advance."
              />
            </td>
            <td>
              <div
                class="mt-6 sm:mt-0 border border-slate-500 hover:border-slate-200 whitespace-nowrap rounded w-7 h-7 items-center inline-flex justify-center"
                title="This is a future date. You can't mark tasks as completed in advance."
              />
            </td>
            <td>
              <div
                class="mt-6 sm:mt-0 border border-slate-500 hover:border-slate-200 whitespace-nowrap rounded w-7 h-7 items-center inline-flex justify-center"
                title="This is a future date. You can't mark tasks as completed in advance."
              />
            </td>
            <td>
              <div
                class="mt-6 sm:mt-0 border border-slate-500 hover:border-slate-200 whitespace-nowrap rounded w-7 h-7 items-center inline-flex justify-center"
                title="This is a future date. You can't mark tasks as completed in advance."
              />
            </td>
            <td>
              <div
                class="mt-6 sm:mt-0 border border-slate-500 hover:border-slate-200 whitespace-nowrap rounded w-7 h-7 items-center inline-flex justify-center"
                title="This is a future date. You can't mark tasks as completed in advance."
              />
            </td>
          </tr>
        </tbody>
      </table>
    </div>
    <div
      class="flex justify-between items-center mt-12 mb-4"
    >
      <h2
        class="mb-4 font-extrabold tracking-tight text-2xl !mb-0"
        level="h4"
      >
        Your habits
      </h2>
      <a
        class="text-sm whitespace-nowrap py-2 px-6 rounded-full justify-center rounded-lg font-semibold py-2.5 px-4 bg-slate-300 text-slate-900 hover:bg-slate-200 w-full !w-min h-min"
        href="/habits/new"
      >
        Create habit
      </a>
    </div>
    <div
      class="flex flex-wrap"
    >
      <a
        class="w-full max-w-[100%] lg:basis-1/4 lg:max-w-[25%]"
        href="/habits/1"
      >
        <div
          class="p-4 m-1 rounded hover:text-slate-100 bg-slate-300/5"
        >
          <h3
            class="mb-4 font-extrabold tracking-tight text-xl truncate"
            level="h4"
          >
            Reading
          </h3>
          <div
            class="flex justify-between"
          >
            <div
              class="flex-col flex-1"
            >
              <div
                class="h-[130px] w-[130px] mr-4"
              >
                <div
                  class="recharts-responsive-container"
                  style="width: 100%; height: 100%; min-width: 0;"
                />
              </div>
            </div>
            <div
              class="flex-col flex-1"
            >
              <p
                class="text-sm mb-2 tracking-tight"
              >
                Days in a row
              </p>
              <p
                class="text-sm mb-2 tracking-tight font-extrabold"
              />
              <p
                class="text-sm mb-2 tracking-tight"
              >
                Record
              </p>
              <p
                class="text-sm mb-2 tracking-tight font-extrabold"
              />
            </div>
          </div>
        </div>
      </a>
    </div>
  </div>
</DocumentFragment>
`;
