// Jest Snapshot v1, https://goo.gl/fbAQLP

exports[`HabitsScreen should render correctly 1`] = `
<DocumentFragment>
  <div>
    <div
      class="flex justify-between items-center mb-4"
    >
      <h2
        class="mb-4 font-extrabold tracking-tight text-zinc-600 text-2xl !mb-0"
        level="h4"
      >
        Today, Jan 10 Tue
      </h2>
      <a
        class="text-sm whitespace-nowrap py-2 px-6 justify-center font-extrabold py-2.5 px-4 w-full shadow text-zinc-100 rounded-full opacity-90 hover:opacity-100 bg-lime-600 !w-min h-min"
        href="/habits/new"
      >
        Add habit
      </a>
    </div>
    <div
      class="rounded-lg bg-slate-200 mb-1"
    >
      <div
        class="ease-in duration-300 py-1 rounded-lg bg-lime-600"
        style="width: 0%;"
      />
    </div>
    <p
      class="text-sm mb-2 tracking-tight text-zinc-600 font-extrabold"
    >
      0.00% achieved
    </p>
    <div
      class="flex items-center mt-6 mb-2"
    >
      <div
        class="border rounded-full px-3 py-1 hover:cursor-pointer hover:bg-slate-100 mr-4"
      >
        <svg
          aria-hidden="true"
          class="svg-inline--fa fa-chevron-left fa-sm "
          data-icon="chevron-left"
          data-prefix="fas"
          focusable="false"
          role="img"
          viewBox="0 0 320 512"
          xmlns="http://www.w3.org/2000/svg"
        >
          <path
            d="M9.4 233.4c-12.5 12.5-12.5 32.8 0 45.3l192 192c12.5 12.5 32.8 12.5 45.3 0s12.5-32.8 0-45.3L77.3 256 246.6 86.6c12.5-12.5 12.5-32.8 0-45.3s-32.8-12.5-45.3 0l-192 192z"
            fill="currentColor"
          />
        </svg>
      </div>
      <div
        class="border rounded-full px-3 py-1 hover:cursor-pointer hover:bg-slate-100 mr-4"
      >
        <svg
          aria-hidden="true"
          class="svg-inline--fa fa-chevron-right fa-sm "
          data-icon="chevron-right"
          data-prefix="fas"
          focusable="false"
          role="img"
          viewBox="0 0 320 512"
          xmlns="http://www.w3.org/2000/svg"
        >
          <path
            d="M310.6 233.4c12.5 12.5 12.5 32.8 0 45.3l-192 192c-12.5 12.5-32.8 12.5-45.3 0s-12.5-32.8 0-45.3L242.7 256 73.4 86.6c-12.5-12.5-12.5-32.8 0-45.3s32.8-12.5 45.3 0l192 192z"
            fill="currentColor"
          />
        </svg>
      </div>
      <h3
        class="mb-4 font-extrabold tracking-tight text-zinc-600 text-xl !mb-0"
        level="h4"
      >
        Mon 0/9 - Sun 0/15
      </h3>
    </div>
    <div
      class="rounded-lg bg-slate-200 mb-1"
    >
      <div
        class="ease-in duration-300 py-1 rounded-lg bg-lime-600"
        style="width: 0%;"
      />
    </div>
    <div
      class="flex justify-between mb-4 items-center"
    >
      <div
        class="flex items-center"
      >
        <p
          class="text-sm mb-2 tracking-tight text-zinc-600 font-extrabold !mb-0 ml-1"
        >
          No change from last week
        </p>
      </div>
      <p
        class="text-sm mb-2 tracking-tight text-zinc-600 font-extrabold !mb-0"
      >
        0.00% achieved
      </p>
    </div>
    <div
      class="grid gap-2"
      style="grid-template-columns: minmax(auto, 300px) repeat(10, 1fr);"
    >
      <div />
      <p
        class="text-sm mb-2 tracking-tight text-zinc-600 font-extrabold !mb-0 p-1 text-center rounded-lg border border-zinc-100"
      >
        9 
        <br />
        Mon
      </p>
      <p
        class="text-sm mb-2 tracking-tight text-zinc-600 font-extrabold !mb-0 p-1 text-center rounded-lg border border-zinc-400"
      >
        10 
        <br />
        Tue
      </p>
      <p
        class="text-sm mb-2 tracking-tight text-zinc-600 font-extrabold !mb-0 p-1 text-center rounded-lg border border-zinc-100"
      >
        11 
        <br />
        Wed
      </p>
      <p
        class="text-sm mb-2 tracking-tight text-zinc-600 font-extrabold !mb-0 p-1 text-center rounded-lg border border-zinc-100"
      >
        12 
        <br />
        Thu
      </p>
      <p
        class="text-sm mb-2 tracking-tight text-zinc-600 font-extrabold !mb-0 p-1 text-center rounded-lg border border-zinc-100"
      >
        13 
        <br />
        Fri
      </p>
      <p
        class="text-sm mb-2 tracking-tight text-zinc-600 font-extrabold !mb-0 p-1 text-center rounded-lg border border-zinc-100"
      >
        14 
        <br />
        Sat
      </p>
      <p
        class="text-sm mb-2 tracking-tight text-zinc-600 font-extrabold !mb-0 p-1 text-center rounded-lg border border-zinc-100"
      >
        15 
        <br />
        Sun
      </p>
      <p
        class="text-sm mb-2 tracking-tight text-zinc-600 font-extrabold !mb-0 p-1 text-center"
      >
        current 
        <br />
        streak
      </p>
      <p
        class="text-sm mb-2 tracking-tight text-zinc-600 font-extrabold !mb-0 p-1 text-center"
      >
        longest 
        <br />
        streak
      </p>
      <p
        class="text-sm mb-2 tracking-tight text-zinc-600 font-extrabold !mb-0 p-1 text-center"
      >
        overall 
        <br />
        progress
      </p>
      <a
        class="text-sm whitespace-nowrap py-2 px-6 justify-center font-extrabold py-2.5 px-4 text-zinc-600 hover:text-lime-600 !p-0 truncate absolute sm:static mr-2 !text-base"
        href="/habits/1"
      >
        Reading
      </a>
      <div
        class="m-auto hover:border-2 whitespace-nowrap rounded w-8 h-8 items-center inline-flex justify-center cursor-pointer hover:border-zinc-500"
        style="background-color: rgb(226, 232, 240);"
        title="Click to mark this day."
      />
      <div
        class="m-auto hover:border-2 whitespace-nowrap rounded w-8 h-8 items-center inline-flex justify-center cursor-pointer hover:border-zinc-500"
        style="background-color: rgb(226, 232, 240);"
        title="Click to mark this day."
      />
      <div
        class="m-auto hover:border-2 whitespace-nowrap rounded w-8 h-8 items-center inline-flex justify-center"
        style="background-color: rgb(226, 232, 240);"
        title="This is a future date. You can't mark tasks as completed in advance."
      />
      <div
        class="m-auto hover:border-2 whitespace-nowrap rounded w-8 h-8 items-center inline-flex justify-center"
        style="background-color: rgb(226, 232, 240);"
        title="This is a future date. You can't mark tasks as completed in advance."
      />
      <div
        class="m-auto hover:border-2 whitespace-nowrap rounded w-8 h-8 items-center inline-flex justify-center"
        style="background-color: rgb(226, 232, 240);"
        title="This is a future date. You can't mark tasks as completed in advance."
      />
      <div
        class="m-auto hover:border-2 whitespace-nowrap rounded w-8 h-8 items-center inline-flex justify-center"
        style="background-color: rgb(226, 232, 240);"
        title="This is a future date. You can't mark tasks as completed in advance."
      />
      <div
        class="m-auto hover:border-2 whitespace-nowrap rounded w-8 h-8 items-center inline-flex justify-center"
        style="background-color: rgb(226, 232, 240);"
        title="This is a future date. You can't mark tasks as completed in advance."
      />
      <p
        class="text-sm mb-2 tracking-tight text-zinc-600 font-extrabold !mb-0 text-center"
      />
      <p
        class="text-sm mb-2 tracking-tight text-zinc-600 font-extrabold !mb-0 text-center"
      />
      <p
        class="text-sm mb-2 tracking-tight text-zinc-600 font-extrabold !mb-0 text-center"
      >
        90.0%
      </p>
    </div>
    <div
      class="border-b border-slate-900/10 my-6"
    />
    <p
      class="text-sm mb-2 tracking-tight text-zinc-600 font-extrabold"
    >
      1 tasks completed in the last year
    </p>
    <div
      class="flex ml-9 justify-around"
    >
      <p
        class="text-sm mb-2 tracking-tight text-zinc-600 font-extrabold"
      >
        Jan
      </p>
      <p
        class="text-sm mb-2 tracking-tight text-zinc-600 font-extrabold"
      >
        Feb
      </p>
      <p
        class="text-sm mb-2 tracking-tight text-zinc-600 font-extrabold"
      >
        Mar
      </p>
      <p
        class="text-sm mb-2 tracking-tight text-zinc-600 font-extrabold"
      >
        Apr
      </p>
      <p
        class="text-sm mb-2 tracking-tight text-zinc-600 font-extrabold"
      >
        May
      </p>
      <p
        class="text-sm mb-2 tracking-tight text-zinc-600 font-extrabold"
      >
        Jun
      </p>
      <p
        class="text-sm mb-2 tracking-tight text-zinc-600 font-extrabold"
      >
        Jul
      </p>
      <p
        class="text-sm mb-2 tracking-tight text-zinc-600 font-extrabold"
      >
        Aug
      </p>
      <p
        class="text-sm mb-2 tracking-tight text-zinc-600 font-extrabold"
      >
        Sep
      </p>
      <p
        class="text-sm mb-2 tracking-tight text-zinc-600 font-extrabold"
      >
        Oct
      </p>
      <p
        class="text-sm mb-2 tracking-tight text-zinc-600 font-extrabold"
      >
        Nov
      </p>
      <p
        class="text-sm mb-2 tracking-tight text-zinc-600 font-extrabold"
      >
        Dec
      </p>
      <p
        class="text-sm mb-2 tracking-tight text-zinc-600 font-extrabold"
      >
        Jan
      </p>
    </div>
    <div
      class="flex"
    >
      <div
        class="grid grid-rows-7 items-center"
      >
        <p
          class="text-sm mb-2 tracking-tight text-zinc-600 font-extrabold text-center !mb-0 mr-2"
        />
        <p
          class="text-sm mb-2 tracking-tight text-zinc-600 font-extrabold text-center !mb-0 mr-2"
        >
          Mon
        </p>
        <p
          class="text-sm mb-2 tracking-tight text-zinc-600 font-extrabold text-center !mb-0 mr-2"
        />
        <p
          class="text-sm mb-2 tracking-tight text-zinc-600 font-extrabold text-center !mb-0 mr-2"
        >
          Wed
        </p>
        <p
          class="text-sm mb-2 tracking-tight text-zinc-600 font-extrabold text-center !mb-0 mr-2"
        />
        <p
          class="text-sm mb-2 tracking-tight text-zinc-600 font-extrabold text-center !mb-0 mr-2"
        >
          Fri
        </p>
        <p
          class="text-sm mb-2 tracking-tight text-zinc-600 font-extrabold text-center !mb-0 mr-2"
        />
      </div>
      <div
        class="grid grid-cols-53 gap-0.5 w-full"
      >
        <div
          class="h-4 border"
          style="background-color: rgb(226, 232, 240); grid-row-start: 1; grid-row-end: 2;"
          title="no tasks completed - Sun, January 9, 2022"
        />
        <div
          class="h-4 border"
          style="background-color: rgb(226, 232, 240); grid-row-start: 2; grid-row-end: 3;"
          title="no tasks completed - Mon, January 10, 2022"
        />
        <div
          class="h-4 border"
          style="background-color: rgb(226, 232, 240); grid-row-start: 3; grid-row-end: 4;"
          title="no tasks completed - Tue, January 11, 2022"
        />
        <div
          class="h-4 border"
          style="background-color: rgb(226, 232, 240); grid-row-start: 4; grid-row-end: 5;"
          title="no tasks completed - Wed, January 12, 2022"
        />
        <div
          class="h-4 border"
          style="background-color: rgb(226, 232, 240); grid-row-start: 5; grid-row-end: 6;"
          title="no tasks completed - Thu, January 13, 2022"
        />
        <div
          class="h-4 border"
          style="background-color: rgb(226, 232, 240); grid-row-start: 6; grid-row-end: 7;"
          title="no tasks completed - Fri, January 14, 2022"
        />
        <div
          class="h-4 border"
          style="background-color: rgb(226, 232, 240); grid-row-start: 7; grid-row-end: 8;"
          title="no tasks completed - Sat, January 15, 2022"
        />
        <div
          class="h-4 border"
          style="background-color: rgb(226, 232, 240); grid-row-start: 1; grid-row-end: 2;"
          title="no tasks completed - Sun, January 16, 2022"
        />
        <div
          class="h-4 border"
          style="background-color: rgb(226, 232, 240); grid-row-start: 2; grid-row-end: 3;"
          title="no tasks completed - Mon, January 17, 2022"
        />
        <div
          class="h-4 border"
          style="background-color: rgb(226, 232, 240); grid-row-start: 3; grid-row-end: 4;"
          title="no tasks completed - Tue, January 18, 2022"
        />
        <div
          class="h-4 border"
          style="background-color: rgb(226, 232, 240); grid-row-start: 4; grid-row-end: 5;"
          title="no tasks completed - Wed, January 19, 2022"
        />
        <div
          class="h-4 border"
          style="background-color: rgb(226, 232, 240); grid-row-start: 5; grid-row-end: 6;"
          title="no tasks completed - Thu, January 20, 2022"
        />
        <div
          class="h-4 border"
          style="background-color: rgb(226, 232, 240); grid-row-start: 6; grid-row-end: 7;"
          title="no tasks completed - Fri, January 21, 2022"
        />
        <div
          class="h-4 border"
          style="background-color: rgb(226, 232, 240); grid-row-start: 7; grid-row-end: 8;"
          title="no tasks completed - Sat, January 22, 2022"
        />
        <div
          class="h-4 border"
          style="background-color: rgb(226, 232, 240); grid-row-start: 1; grid-row-end: 2;"
          title="no tasks completed - Sun, January 23, 2022"
        />
        <div
          class="h-4 border"
          style="background-color: rgb(226, 232, 240); grid-row-start: 2; grid-row-end: 3;"
          title="no tasks completed - Mon, January 24, 2022"
        />
        <div
          class="h-4 border"
          style="background-color: rgb(226, 232, 240); grid-row-start: 3; grid-row-end: 4;"
          title="no tasks completed - Tue, January 25, 2022"
        />
        <div
          class="h-4 border"
          style="background-color: rgb(226, 232, 240); grid-row-start: 4; grid-row-end: 5;"
          title="no tasks completed - Wed, January 26, 2022"
        />
        <div
          class="h-4 border"
          style="background-color: rgb(226, 232, 240); grid-row-start: 5; grid-row-end: 6;"
          title="no tasks completed - Thu, January 27, 2022"
        />
        <div
          class="h-4 border"
          style="background-color: rgb(226, 232, 240); grid-row-start: 6; grid-row-end: 7;"
          title="no tasks completed - Fri, January 28, 2022"
        />
        <div
          class="h-4 border"
          style="background-color: rgb(226, 232, 240); grid-row-start: 7; grid-row-end: 8;"
          title="no tasks completed - Sat, January 29, 2022"
        />
        <div
          class="h-4 border"
          style="background-color: rgb(226, 232, 240); grid-row-start: 1; grid-row-end: 2;"
          title="no tasks completed - Sun, January 30, 2022"
        />
        <div
          class="h-4 border"
          style="background-color: rgb(226, 232, 240); grid-row-start: 2; grid-row-end: 3;"
          title="no tasks completed - Mon, January 31, 2022"
        />
        <div
          class="h-4 border"
          style="background-color: rgb(226, 232, 240); grid-row-start: 3; grid-row-end: 4;"
          title="no tasks completed - Tue, February 1, 2022"
        />
        <div
          class="h-4 border"
          style="background-color: rgb(226, 232, 240); grid-row-start: 4; grid-row-end: 5;"
          title="no tasks completed - Wed, February 2, 2022"
        />
        <div
          class="h-4 border"
          style="background-color: rgb(226, 232, 240); grid-row-start: 5; grid-row-end: 6;"
          title="no tasks completed - Thu, February 3, 2022"
        />
        <div
          class="h-4 border"
          style="background-color: rgb(226, 232, 240); grid-row-start: 6; grid-row-end: 7;"
          title="no tasks completed - Fri, February 4, 2022"
        />
        <div
          class="h-4 border"
          style="background-color: rgb(226, 232, 240); grid-row-start: 7; grid-row-end: 8;"
          title="no tasks completed - Sat, February 5, 2022"
        />
        <div
          class="h-4 border"
          style="background-color: rgb(226, 232, 240); grid-row-start: 1; grid-row-end: 2;"
          title="no tasks completed - Sun, February 6, 2022"
        />
        <div
          class="h-4 border"
          style="background-color: rgb(226, 232, 240); grid-row-start: 2; grid-row-end: 3;"
          title="no tasks completed - Mon, February 7, 2022"
        />
        <div
          class="h-4 border"
          style="background-color: rgb(226, 232, 240); grid-row-start: 3; grid-row-end: 4;"
          title="no tasks completed - Tue, February 8, 2022"
        />
        <div
          class="h-4 border"
          style="background-color: rgb(226, 232, 240); grid-row-start: 4; grid-row-end: 5;"
          title="no tasks completed - Wed, February 9, 2022"
        />
        <div
          class="h-4 border"
          style="background-color: rgb(226, 232, 240); grid-row-start: 5; grid-row-end: 6;"
          title="no tasks completed - Thu, February 10, 2022"
        />
        <div
          class="h-4 border"
          style="background-color: rgb(226, 232, 240); grid-row-start: 6; grid-row-end: 7;"
          title="no tasks completed - Fri, February 11, 2022"
        />
        <div
          class="h-4 border"
          style="background-color: rgb(226, 232, 240); grid-row-start: 7; grid-row-end: 8;"
          title="no tasks completed - Sat, February 12, 2022"
        />
        <div
          class="h-4 border"
          style="background-color: rgb(226, 232, 240); grid-row-start: 1; grid-row-end: 2;"
          title="no tasks completed - Sun, February 13, 2022"
        />
        <div
          class="h-4 border"
          style="background-color: rgb(226, 232, 240); grid-row-start: 2; grid-row-end: 3;"
          title="no tasks completed - Mon, February 14, 2022"
        />
        <div
          class="h-4 border"
          style="background-color: rgb(226, 232, 240); grid-row-start: 3; grid-row-end: 4;"
          title="no tasks completed - Tue, February 15, 2022"
        />
        <div
          class="h-4 border"
          style="background-color: rgb(226, 232, 240); grid-row-start: 4; grid-row-end: 5;"
          title="no tasks completed - Wed, February 16, 2022"
        />
        <div
          class="h-4 border"
          style="background-color: rgb(226, 232, 240); grid-row-start: 5; grid-row-end: 6;"
          title="no tasks completed - Thu, February 17, 2022"
        />
        <div
          class="h-4 border"
          style="background-color: rgb(226, 232, 240); grid-row-start: 6; grid-row-end: 7;"
          title="no tasks completed - Fri, February 18, 2022"
        />
        <div
          class="h-4 border"
          style="background-color: rgb(226, 232, 240); grid-row-start: 7; grid-row-end: 8;"
          title="no tasks completed - Sat, February 19, 2022"
        />
        <div
          class="h-4 border"
          style="background-color: rgb(226, 232, 240); grid-row-start: 1; grid-row-end: 2;"
          title="no tasks completed - Sun, February 20, 2022"
        />
        <div
          class="h-4 border"
          style="background-color: rgb(226, 232, 240); grid-row-start: 2; grid-row-end: 3;"
          title="no tasks completed - Mon, February 21, 2022"
        />
        <div
          class="h-4 border"
          style="background-color: rgb(226, 232, 240); grid-row-start: 3; grid-row-end: 4;"
          title="no tasks completed - Tue, February 22, 2022"
        />
        <div
          class="h-4 border"
          style="background-color: rgb(226, 232, 240); grid-row-start: 4; grid-row-end: 5;"
          title="no tasks completed - Wed, February 23, 2022"
        />
        <div
          class="h-4 border"
          style="background-color: rgb(226, 232, 240); grid-row-start: 5; grid-row-end: 6;"
          title="no tasks completed - Thu, February 24, 2022"
        />
        <div
          class="h-4 border"
          style="background-color: rgb(226, 232, 240); grid-row-start: 6; grid-row-end: 7;"
          title="no tasks completed - Fri, February 25, 2022"
        />
        <div
          class="h-4 border"
          style="background-color: rgb(226, 232, 240); grid-row-start: 7; grid-row-end: 8;"
          title="no tasks completed - Sat, February 26, 2022"
        />
        <div
          class="h-4 border"
          style="background-color: rgb(226, 232, 240); grid-row-start: 1; grid-row-end: 2;"
          title="no tasks completed - Sun, February 27, 2022"
        />
        <div
          class="h-4 border"
          style="background-color: rgb(226, 232, 240); grid-row-start: 2; grid-row-end: 3;"
          title="no tasks completed - Mon, February 28, 2022"
        />
        <div
          class="h-4 border"
          style="background-color: rgb(226, 232, 240); grid-row-start: 3; grid-row-end: 4;"
          title="no tasks completed - Tue, March 1, 2022"
        />
        <div
          class="h-4 border"
          style="background-color: rgb(226, 232, 240); grid-row-start: 4; grid-row-end: 5;"
          title="no tasks completed - Wed, March 2, 2022"
        />
        <div
          class="h-4 border"
          style="background-color: rgb(226, 232, 240); grid-row-start: 5; grid-row-end: 6;"
          title="no tasks completed - Thu, March 3, 2022"
        />
        <div
          class="h-4 border"
          style="background-color: rgb(226, 232, 240); grid-row-start: 6; grid-row-end: 7;"
          title="no tasks completed - Fri, March 4, 2022"
        />
        <div
          class="h-4 border"
          style="background-color: rgb(226, 232, 240); grid-row-start: 7; grid-row-end: 8;"
          title="no tasks completed - Sat, March 5, 2022"
        />
        <div
          class="h-4 border"
          style="background-color: rgb(226, 232, 240); grid-row-start: 1; grid-row-end: 2;"
          title="no tasks completed - Sun, March 6, 2022"
        />
        <div
          class="h-4 border"
          style="background-color: rgb(226, 232, 240); grid-row-start: 2; grid-row-end: 3;"
          title="no tasks completed - Mon, March 7, 2022"
        />
        <div
          class="h-4 border"
          style="background-color: rgb(226, 232, 240); grid-row-start: 3; grid-row-end: 4;"
          title="no tasks completed - Tue, March 8, 2022"
        />
        <div
          class="h-4 border"
          style="background-color: rgb(226, 232, 240); grid-row-start: 4; grid-row-end: 5;"
          title="no tasks completed - Wed, March 9, 2022"
        />
        <div
          class="h-4 border"
          style="background-color: rgb(226, 232, 240); grid-row-start: 5; grid-row-end: 6;"
          title="no tasks completed - Thu, March 10, 2022"
        />
        <div
          class="h-4 border"
          style="background-color: rgb(226, 232, 240); grid-row-start: 6; grid-row-end: 7;"
          title="no tasks completed - Fri, March 11, 2022"
        />
        <div
          class="h-4 border"
          style="background-color: rgb(226, 232, 240); grid-row-start: 7; grid-row-end: 8;"
          title="no tasks completed - Sat, March 12, 2022"
        />
        <div
          class="h-4 border"
          style="background-color: rgb(226, 232, 240); grid-row-start: 1; grid-row-end: 2;"
          title="no tasks completed - Sun, March 13, 2022"
        />
        <div
          class="h-4 border"
          style="background-color: rgb(226, 232, 240); grid-row-start: 2; grid-row-end: 3;"
          title="no tasks completed - Mon, March 14, 2022"
        />
        <div
          class="h-4 border"
          style="background-color: rgb(226, 232, 240); grid-row-start: 3; grid-row-end: 4;"
          title="no tasks completed - Tue, March 15, 2022"
        />
        <div
          class="h-4 border"
          style="background-color: rgb(226, 232, 240); grid-row-start: 4; grid-row-end: 5;"
          title="no tasks completed - Wed, March 16, 2022"
        />
        <div
          class="h-4 border"
          style="background-color: rgb(226, 232, 240); grid-row-start: 5; grid-row-end: 6;"
          title="no tasks completed - Thu, March 17, 2022"
        />
        <div
          class="h-4 border"
          style="background-color: rgb(226, 232, 240); grid-row-start: 6; grid-row-end: 7;"
          title="no tasks completed - Fri, March 18, 2022"
        />
        <div
          class="h-4 border"
          style="background-color: rgb(226, 232, 240); grid-row-start: 7; grid-row-end: 8;"
          title="no tasks completed - Sat, March 19, 2022"
        />
        <div
          class="h-4 border"
          style="background-color: rgb(226, 232, 240); grid-row-start: 1; grid-row-end: 2;"
          title="no tasks completed - Sun, March 20, 2022"
        />
        <div
          class="h-4 border"
          style="background-color: rgb(226, 232, 240); grid-row-start: 2; grid-row-end: 3;"
          title="no tasks completed - Mon, March 21, 2022"
        />
        <div
          class="h-4 border"
          style="background-color: rgb(226, 232, 240); grid-row-start: 3; grid-row-end: 4;"
          title="no tasks completed - Tue, March 22, 2022"
        />
        <div
          class="h-4 border"
          style="background-color: rgb(226, 232, 240); grid-row-start: 4; grid-row-end: 5;"
          title="no tasks completed - Wed, March 23, 2022"
        />
        <div
          class="h-4 border"
          style="background-color: rgb(226, 232, 240); grid-row-start: 5; grid-row-end: 6;"
          title="no tasks completed - Thu, March 24, 2022"
        />
        <div
          class="h-4 border"
          style="background-color: rgb(226, 232, 240); grid-row-start: 6; grid-row-end: 7;"
          title="no tasks completed - Fri, March 25, 2022"
        />
        <div
          class="h-4 border"
          style="background-color: rgb(226, 232, 240); grid-row-start: 7; grid-row-end: 8;"
          title="no tasks completed - Sat, March 26, 2022"
        />
        <div
          class="h-4 border"
          style="background-color: rgb(226, 232, 240); grid-row-start: 1; grid-row-end: 2;"
          title="no tasks completed - Sun, March 27, 2022"
        />
        <div
          class="h-4 border"
          style="background-color: rgb(226, 232, 240); grid-row-start: 2; grid-row-end: 3;"
          title="no tasks completed - Mon, March 28, 2022"
        />
        <div
          class="h-4 border"
          style="background-color: rgb(226, 232, 240); grid-row-start: 3; grid-row-end: 4;"
          title="no tasks completed - Tue, March 29, 2022"
        />
        <div
          class="h-4 border"
          style="background-color: rgb(226, 232, 240); grid-row-start: 4; grid-row-end: 5;"
          title="no tasks completed - Wed, March 30, 2022"
        />
        <div
          class="h-4 border"
          style="background-color: rgb(226, 232, 240); grid-row-start: 5; grid-row-end: 6;"
          title="no tasks completed - Thu, March 31, 2022"
        />
        <div
          class="h-4 border"
          style="background-color: rgb(226, 232, 240); grid-row-start: 6; grid-row-end: 7;"
          title="no tasks completed - Fri, April 1, 2022"
        />
        <div
          class="h-4 border"
          style="background-color: rgb(226, 232, 240); grid-row-start: 7; grid-row-end: 8;"
          title="no tasks completed - Sat, April 2, 2022"
        />
        <div
          class="h-4 border"
          style="background-color: rgb(226, 232, 240); grid-row-start: 1; grid-row-end: 2;"
          title="no tasks completed - Sun, April 3, 2022"
        />
        <div
          class="h-4 border"
          style="background-color: rgb(226, 232, 240); grid-row-start: 2; grid-row-end: 3;"
          title="no tasks completed - Mon, April 4, 2022"
        />
        <div
          class="h-4 border"
          style="background-color: rgb(226, 232, 240); grid-row-start: 3; grid-row-end: 4;"
          title="no tasks completed - Tue, April 5, 2022"
        />
        <div
          class="h-4 border"
          style="background-color: rgb(226, 232, 240); grid-row-start: 4; grid-row-end: 5;"
          title="no tasks completed - Wed, April 6, 2022"
        />
        <div
          class="h-4 border"
          style="background-color: rgb(226, 232, 240); grid-row-start: 5; grid-row-end: 6;"
          title="no tasks completed - Thu, April 7, 2022"
        />
        <div
          class="h-4 border"
          style="background-color: rgb(226, 232, 240); grid-row-start: 6; grid-row-end: 7;"
          title="no tasks completed - Fri, April 8, 2022"
        />
        <div
          class="h-4 border"
          style="background-color: rgb(226, 232, 240); grid-row-start: 7; grid-row-end: 8;"
          title="no tasks completed - Sat, April 9, 2022"
        />
        <div
          class="h-4 border"
          style="background-color: rgb(226, 232, 240); grid-row-start: 1; grid-row-end: 2;"
          title="no tasks completed - Sun, April 10, 2022"
        />
        <div
          class="h-4 border"
          style="background-color: rgb(226, 232, 240); grid-row-start: 2; grid-row-end: 3;"
          title="no tasks completed - Mon, April 11, 2022"
        />
        <div
          class="h-4 border"
          style="background-color: rgb(226, 232, 240); grid-row-start: 3; grid-row-end: 4;"
          title="no tasks completed - Tue, April 12, 2022"
        />
        <div
          class="h-4 border"
          style="background-color: rgb(226, 232, 240); grid-row-start: 4; grid-row-end: 5;"
          title="no tasks completed - Wed, April 13, 2022"
        />
        <div
          class="h-4 border"
          style="background-color: rgb(226, 232, 240); grid-row-start: 5; grid-row-end: 6;"
          title="no tasks completed - Thu, April 14, 2022"
        />
        <div
          class="h-4 border"
          style="background-color: rgb(226, 232, 240); grid-row-start: 6; grid-row-end: 7;"
          title="no tasks completed - Fri, April 15, 2022"
        />
        <div
          class="h-4 border"
          style="background-color: rgb(226, 232, 240); grid-row-start: 7; grid-row-end: 8;"
          title="no tasks completed - Sat, April 16, 2022"
        />
        <div
          class="h-4 border"
          style="background-color: rgb(226, 232, 240); grid-row-start: 1; grid-row-end: 2;"
          title="no tasks completed - Sun, April 17, 2022"
        />
        <div
          class="h-4 border"
          style="background-color: rgb(226, 232, 240); grid-row-start: 2; grid-row-end: 3;"
          title="no tasks completed - Mon, April 18, 2022"
        />
        <div
          class="h-4 border"
          style="background-color: rgb(226, 232, 240); grid-row-start: 3; grid-row-end: 4;"
          title="no tasks completed - Tue, April 19, 2022"
        />
        <div
          class="h-4 border"
          style="background-color: rgb(226, 232, 240); grid-row-start: 4; grid-row-end: 5;"
          title="no tasks completed - Wed, April 20, 2022"
        />
        <div
          class="h-4 border"
          style="background-color: rgb(226, 232, 240); grid-row-start: 5; grid-row-end: 6;"
          title="no tasks completed - Thu, April 21, 2022"
        />
        <div
          class="h-4 border"
          style="background-color: rgb(226, 232, 240); grid-row-start: 6; grid-row-end: 7;"
          title="no tasks completed - Fri, April 22, 2022"
        />
        <div
          class="h-4 border"
          style="background-color: rgb(226, 232, 240); grid-row-start: 7; grid-row-end: 8;"
          title="no tasks completed - Sat, April 23, 2022"
        />
        <div
          class="h-4 border"
          style="background-color: rgb(226, 232, 240); grid-row-start: 1; grid-row-end: 2;"
          title="no tasks completed - Sun, April 24, 2022"
        />
        <div
          class="h-4 border"
          style="background-color: rgb(226, 232, 240); grid-row-start: 2; grid-row-end: 3;"
          title="no tasks completed - Mon, April 25, 2022"
        />
        <div
          class="h-4 border"
          style="background-color: rgb(226, 232, 240); grid-row-start: 3; grid-row-end: 4;"
          title="no tasks completed - Tue, April 26, 2022"
        />
        <div
          class="h-4 border"
          style="background-color: rgb(226, 232, 240); grid-row-start: 4; grid-row-end: 5;"
          title="no tasks completed - Wed, April 27, 2022"
        />
        <div
          class="h-4 border"
          style="background-color: rgb(226, 232, 240); grid-row-start: 5; grid-row-end: 6;"
          title="no tasks completed - Thu, April 28, 2022"
        />
        <div
          class="h-4 border"
          style="background-color: rgb(226, 232, 240); grid-row-start: 6; grid-row-end: 7;"
          title="no tasks completed - Fri, April 29, 2022"
        />
        <div
          class="h-4 border"
          style="background-color: rgb(226, 232, 240); grid-row-start: 7; grid-row-end: 8;"
          title="no tasks completed - Sat, April 30, 2022"
        />
        <div
          class="h-4 border"
          style="background-color: rgb(226, 232, 240); grid-row-start: 1; grid-row-end: 2;"
          title="no tasks completed - Sun, May 1, 2022"
        />
        <div
          class="h-4 border"
          style="background-color: rgb(226, 232, 240); grid-row-start: 2; grid-row-end: 3;"
          title="no tasks completed - Mon, May 2, 2022"
        />
        <div
          class="h-4 border"
          style="background-color: rgb(226, 232, 240); grid-row-start: 3; grid-row-end: 4;"
          title="no tasks completed - Tue, May 3, 2022"
        />
        <div
          class="h-4 border"
          style="background-color: rgb(226, 232, 240); grid-row-start: 4; grid-row-end: 5;"
          title="no tasks completed - Wed, May 4, 2022"
        />
        <div
          class="h-4 border"
          style="background-color: rgb(226, 232, 240); grid-row-start: 5; grid-row-end: 6;"
          title="no tasks completed - Thu, May 5, 2022"
        />
        <div
          class="h-4 border"
          style="background-color: rgb(226, 232, 240); grid-row-start: 6; grid-row-end: 7;"
          title="no tasks completed - Fri, May 6, 2022"
        />
        <div
          class="h-4 border"
          style="background-color: rgb(226, 232, 240); grid-row-start: 7; grid-row-end: 8;"
          title="no tasks completed - Sat, May 7, 2022"
        />
        <div
          class="h-4 border"
          style="background-color: rgb(226, 232, 240); grid-row-start: 1; grid-row-end: 2;"
          title="no tasks completed - Sun, May 8, 2022"
        />
        <div
          class="h-4 border"
          style="background-color: rgb(226, 232, 240); grid-row-start: 2; grid-row-end: 3;"
          title="no tasks completed - Mon, May 9, 2022"
        />
        <div
          class="h-4 border"
          style="background-color: rgb(226, 232, 240); grid-row-start: 3; grid-row-end: 4;"
          title="no tasks completed - Tue, May 10, 2022"
        />
        <div
          class="h-4 border"
          style="background-color: rgb(226, 232, 240); grid-row-start: 4; grid-row-end: 5;"
          title="no tasks completed - Wed, May 11, 2022"
        />
        <div
          class="h-4 border"
          style="background-color: rgb(226, 232, 240); grid-row-start: 5; grid-row-end: 6;"
          title="no tasks completed - Thu, May 12, 2022"
        />
        <div
          class="h-4 border"
          style="background-color: rgb(226, 232, 240); grid-row-start: 6; grid-row-end: 7;"
          title="no tasks completed - Fri, May 13, 2022"
        />
        <div
          class="h-4 border"
          style="background-color: rgb(226, 232, 240); grid-row-start: 7; grid-row-end: 8;"
          title="no tasks completed - Sat, May 14, 2022"
        />
        <div
          class="h-4 border"
          style="background-color: rgb(226, 232, 240); grid-row-start: 1; grid-row-end: 2;"
          title="no tasks completed - Sun, May 15, 2022"
        />
        <div
          class="h-4 border"
          style="background-color: rgb(226, 232, 240); grid-row-start: 2; grid-row-end: 3;"
          title="no tasks completed - Mon, May 16, 2022"
        />
        <div
          class="h-4 border"
          style="background-color: rgb(226, 232, 240); grid-row-start: 3; grid-row-end: 4;"
          title="no tasks completed - Tue, May 17, 2022"
        />
        <div
          class="h-4 border"
          style="background-color: rgb(226, 232, 240); grid-row-start: 4; grid-row-end: 5;"
          title="no tasks completed - Wed, May 18, 2022"
        />
        <div
          class="h-4 border"
          style="background-color: rgb(226, 232, 240); grid-row-start: 5; grid-row-end: 6;"
          title="no tasks completed - Thu, May 19, 2022"
        />
        <div
          class="h-4 border"
          style="background-color: rgb(226, 232, 240); grid-row-start: 6; grid-row-end: 7;"
          title="no tasks completed - Fri, May 20, 2022"
        />
        <div
          class="h-4 border"
          style="background-color: rgb(226, 232, 240); grid-row-start: 7; grid-row-end: 8;"
          title="no tasks completed - Sat, May 21, 2022"
        />
        <div
          class="h-4 border"
          style="background-color: rgb(226, 232, 240); grid-row-start: 1; grid-row-end: 2;"
          title="no tasks completed - Sun, May 22, 2022"
        />
        <div
          class="h-4 border"
          style="background-color: rgb(226, 232, 240); grid-row-start: 2; grid-row-end: 3;"
          title="no tasks completed - Mon, May 23, 2022"
        />
        <div
          class="h-4 border"
          style="background-color: rgb(226, 232, 240); grid-row-start: 3; grid-row-end: 4;"
          title="no tasks completed - Tue, May 24, 2022"
        />
        <div
          class="h-4 border"
          style="background-color: rgb(226, 232, 240); grid-row-start: 4; grid-row-end: 5;"
          title="no tasks completed - Wed, May 25, 2022"
        />
        <div
          class="h-4 border"
          style="background-color: rgb(226, 232, 240); grid-row-start: 5; grid-row-end: 6;"
          title="no tasks completed - Thu, May 26, 2022"
        />
        <div
          class="h-4 border"
          style="background-color: rgb(226, 232, 240); grid-row-start: 6; grid-row-end: 7;"
          title="no tasks completed - Fri, May 27, 2022"
        />
        <div
          class="h-4 border"
          style="background-color: rgb(226, 232, 240); grid-row-start: 7; grid-row-end: 8;"
          title="no tasks completed - Sat, May 28, 2022"
        />
        <div
          class="h-4 border"
          style="background-color: rgb(226, 232, 240); grid-row-start: 1; grid-row-end: 2;"
          title="no tasks completed - Sun, May 29, 2022"
        />
        <div
          class="h-4 border"
          style="background-color: rgb(226, 232, 240); grid-row-start: 2; grid-row-end: 3;"
          title="no tasks completed - Mon, May 30, 2022"
        />
        <div
          class="h-4 border"
          style="background-color: rgb(226, 232, 240); grid-row-start: 3; grid-row-end: 4;"
          title="no tasks completed - Tue, May 31, 2022"
        />
        <div
          class="h-4 border"
          style="background-color: rgb(226, 232, 240); grid-row-start: 4; grid-row-end: 5;"
          title="no tasks completed - Wed, June 1, 2022"
        />
        <div
          class="h-4 border"
          style="background-color: rgb(226, 232, 240); grid-row-start: 5; grid-row-end: 6;"
          title="no tasks completed - Thu, June 2, 2022"
        />
        <div
          class="h-4 border"
          style="background-color: rgb(226, 232, 240); grid-row-start: 6; grid-row-end: 7;"
          title="no tasks completed - Fri, June 3, 2022"
        />
        <div
          class="h-4 border"
          style="background-color: rgb(226, 232, 240); grid-row-start: 7; grid-row-end: 8;"
          title="no tasks completed - Sat, June 4, 2022"
        />
        <div
          class="h-4 border"
          style="background-color: rgb(226, 232, 240); grid-row-start: 1; grid-row-end: 2;"
          title="no tasks completed - Sun, June 5, 2022"
        />
        <div
          class="h-4 border"
          style="background-color: rgb(226, 232, 240); grid-row-start: 2; grid-row-end: 3;"
          title="no tasks completed - Mon, June 6, 2022"
        />
        <div
          class="h-4 border"
          style="background-color: rgb(226, 232, 240); grid-row-start: 3; grid-row-end: 4;"
          title="no tasks completed - Tue, June 7, 2022"
        />
        <div
          class="h-4 border"
          style="background-color: rgb(226, 232, 240); grid-row-start: 4; grid-row-end: 5;"
          title="no tasks completed - Wed, June 8, 2022"
        />
        <div
          class="h-4 border"
          style="background-color: rgb(226, 232, 240); grid-row-start: 5; grid-row-end: 6;"
          title="no tasks completed - Thu, June 9, 2022"
        />
        <div
          class="h-4 border"
          style="background-color: rgb(226, 232, 240); grid-row-start: 6; grid-row-end: 7;"
          title="no tasks completed - Fri, June 10, 2022"
        />
        <div
          class="h-4 border"
          style="background-color: rgb(226, 232, 240); grid-row-start: 7; grid-row-end: 8;"
          title="no tasks completed - Sat, June 11, 2022"
        />
        <div
          class="h-4 border"
          style="background-color: rgb(226, 232, 240); grid-row-start: 1; grid-row-end: 2;"
          title="no tasks completed - Sun, June 12, 2022"
        />
        <div
          class="h-4 border"
          style="background-color: rgb(226, 232, 240); grid-row-start: 2; grid-row-end: 3;"
          title="no tasks completed - Mon, June 13, 2022"
        />
        <div
          class="h-4 border"
          style="background-color: rgb(226, 232, 240); grid-row-start: 3; grid-row-end: 4;"
          title="no tasks completed - Tue, June 14, 2022"
        />
        <div
          class="h-4 border"
          style="background-color: rgb(226, 232, 240); grid-row-start: 4; grid-row-end: 5;"
          title="no tasks completed - Wed, June 15, 2022"
        />
        <div
          class="h-4 border"
          style="background-color: rgb(226, 232, 240); grid-row-start: 5; grid-row-end: 6;"
          title="no tasks completed - Thu, June 16, 2022"
        />
        <div
          class="h-4 border"
          style="background-color: rgb(226, 232, 240); grid-row-start: 6; grid-row-end: 7;"
          title="no tasks completed - Fri, June 17, 2022"
        />
        <div
          class="h-4 border"
          style="background-color: rgb(226, 232, 240); grid-row-start: 7; grid-row-end: 8;"
          title="no tasks completed - Sat, June 18, 2022"
        />
        <div
          class="h-4 border"
          style="background-color: rgb(226, 232, 240); grid-row-start: 1; grid-row-end: 2;"
          title="no tasks completed - Sun, June 19, 2022"
        />
        <div
          class="h-4 border"
          style="background-color: rgb(226, 232, 240); grid-row-start: 2; grid-row-end: 3;"
          title="no tasks completed - Mon, June 20, 2022"
        />
        <div
          class="h-4 border"
          style="background-color: rgb(226, 232, 240); grid-row-start: 3; grid-row-end: 4;"
          title="no tasks completed - Tue, June 21, 2022"
        />
        <div
          class="h-4 border"
          style="background-color: rgb(226, 232, 240); grid-row-start: 4; grid-row-end: 5;"
          title="no tasks completed - Wed, June 22, 2022"
        />
        <div
          class="h-4 border"
          style="background-color: rgb(226, 232, 240); grid-row-start: 5; grid-row-end: 6;"
          title="no tasks completed - Thu, June 23, 2022"
        />
        <div
          class="h-4 border"
          style="background-color: rgb(226, 232, 240); grid-row-start: 6; grid-row-end: 7;"
          title="no tasks completed - Fri, June 24, 2022"
        />
        <div
          class="h-4 border"
          style="background-color: rgb(226, 232, 240); grid-row-start: 7; grid-row-end: 8;"
          title="no tasks completed - Sat, June 25, 2022"
        />
        <div
          class="h-4 border"
          style="background-color: rgb(226, 232, 240); grid-row-start: 1; grid-row-end: 2;"
          title="no tasks completed - Sun, June 26, 2022"
        />
        <div
          class="h-4 border"
          style="background-color: rgb(226, 232, 240); grid-row-start: 2; grid-row-end: 3;"
          title="no tasks completed - Mon, June 27, 2022"
        />
        <div
          class="h-4 border"
          style="background-color: rgb(226, 232, 240); grid-row-start: 3; grid-row-end: 4;"
          title="no tasks completed - Tue, June 28, 2022"
        />
        <div
          class="h-4 border"
          style="background-color: rgb(226, 232, 240); grid-row-start: 4; grid-row-end: 5;"
          title="no tasks completed - Wed, June 29, 2022"
        />
        <div
          class="h-4 border"
          style="background-color: rgb(226, 232, 240); grid-row-start: 5; grid-row-end: 6;"
          title="no tasks completed - Thu, June 30, 2022"
        />
        <div
          class="h-4 border"
          style="background-color: rgb(226, 232, 240); grid-row-start: 6; grid-row-end: 7;"
          title="no tasks completed - Fri, July 1, 2022"
        />
        <div
          class="h-4 border"
          style="background-color: rgb(226, 232, 240); grid-row-start: 7; grid-row-end: 8;"
          title="no tasks completed - Sat, July 2, 2022"
        />
        <div
          class="h-4 border"
          style="background-color: rgb(226, 232, 240); grid-row-start: 1; grid-row-end: 2;"
          title="no tasks completed - Sun, July 3, 2022"
        />
        <div
          class="h-4 border"
          style="background-color: rgb(226, 232, 240); grid-row-start: 2; grid-row-end: 3;"
          title="no tasks completed - Mon, July 4, 2022"
        />
        <div
          class="h-4 border"
          style="background-color: rgb(226, 232, 240); grid-row-start: 3; grid-row-end: 4;"
          title="no tasks completed - Tue, July 5, 2022"
        />
        <div
          class="h-4 border"
          style="background-color: rgb(226, 232, 240); grid-row-start: 4; grid-row-end: 5;"
          title="no tasks completed - Wed, July 6, 2022"
        />
        <div
          class="h-4 border"
          style="background-color: rgb(226, 232, 240); grid-row-start: 5; grid-row-end: 6;"
          title="no tasks completed - Thu, July 7, 2022"
        />
        <div
          class="h-4 border"
          style="background-color: rgb(226, 232, 240); grid-row-start: 6; grid-row-end: 7;"
          title="no tasks completed - Fri, July 8, 2022"
        />
        <div
          class="h-4 border"
          style="background-color: rgb(226, 232, 240); grid-row-start: 7; grid-row-end: 8;"
          title="no tasks completed - Sat, July 9, 2022"
        />
        <div
          class="h-4 border"
          style="background-color: rgb(226, 232, 240); grid-row-start: 1; grid-row-end: 2;"
          title="no tasks completed - Sun, July 10, 2022"
        />
        <div
          class="h-4 border"
          style="background-color: rgb(226, 232, 240); grid-row-start: 2; grid-row-end: 3;"
          title="no tasks completed - Mon, July 11, 2022"
        />
        <div
          class="h-4 border"
          style="background-color: rgb(226, 232, 240); grid-row-start: 3; grid-row-end: 4;"
          title="no tasks completed - Tue, July 12, 2022"
        />
        <div
          class="h-4 border"
          style="background-color: rgb(226, 232, 240); grid-row-start: 4; grid-row-end: 5;"
          title="no tasks completed - Wed, July 13, 2022"
        />
        <div
          class="h-4 border"
          style="background-color: rgb(226, 232, 240); grid-row-start: 5; grid-row-end: 6;"
          title="no tasks completed - Thu, July 14, 2022"
        />
        <div
          class="h-4 border"
          style="background-color: rgb(226, 232, 240); grid-row-start: 6; grid-row-end: 7;"
          title="no tasks completed - Fri, July 15, 2022"
        />
        <div
          class="h-4 border"
          style="background-color: rgb(226, 232, 240); grid-row-start: 7; grid-row-end: 8;"
          title="no tasks completed - Sat, July 16, 2022"
        />
        <div
          class="h-4 border"
          style="background-color: rgb(226, 232, 240); grid-row-start: 1; grid-row-end: 2;"
          title="no tasks completed - Sun, July 17, 2022"
        />
        <div
          class="h-4 border"
          style="background-color: rgb(226, 232, 240); grid-row-start: 2; grid-row-end: 3;"
          title="no tasks completed - Mon, July 18, 2022"
        />
        <div
          class="h-4 border"
          style="background-color: rgb(226, 232, 240); grid-row-start: 3; grid-row-end: 4;"
          title="no tasks completed - Tue, July 19, 2022"
        />
        <div
          class="h-4 border"
          style="background-color: rgb(226, 232, 240); grid-row-start: 4; grid-row-end: 5;"
          title="no tasks completed - Wed, July 20, 2022"
        />
        <div
          class="h-4 border"
          style="background-color: rgb(226, 232, 240); grid-row-start: 5; grid-row-end: 6;"
          title="no tasks completed - Thu, July 21, 2022"
        />
        <div
          class="h-4 border"
          style="background-color: rgb(226, 232, 240); grid-row-start: 6; grid-row-end: 7;"
          title="no tasks completed - Fri, July 22, 2022"
        />
        <div
          class="h-4 border"
          style="background-color: rgb(226, 232, 240); grid-row-start: 7; grid-row-end: 8;"
          title="no tasks completed - Sat, July 23, 2022"
        />
        <div
          class="h-4 border"
          style="background-color: rgb(226, 232, 240); grid-row-start: 1; grid-row-end: 2;"
          title="no tasks completed - Sun, July 24, 2022"
        />
        <div
          class="h-4 border"
          style="background-color: rgb(226, 232, 240); grid-row-start: 2; grid-row-end: 3;"
          title="no tasks completed - Mon, July 25, 2022"
        />
        <div
          class="h-4 border"
          style="background-color: rgb(226, 232, 240); grid-row-start: 3; grid-row-end: 4;"
          title="no tasks completed - Tue, July 26, 2022"
        />
        <div
          class="h-4 border"
          style="background-color: rgb(226, 232, 240); grid-row-start: 4; grid-row-end: 5;"
          title="no tasks completed - Wed, July 27, 2022"
        />
        <div
          class="h-4 border"
          style="background-color: rgb(226, 232, 240); grid-row-start: 5; grid-row-end: 6;"
          title="no tasks completed - Thu, July 28, 2022"
        />
        <div
          class="h-4 border"
          style="background-color: rgb(226, 232, 240); grid-row-start: 6; grid-row-end: 7;"
          title="no tasks completed - Fri, July 29, 2022"
        />
        <div
          class="h-4 border"
          style="background-color: rgb(226, 232, 240); grid-row-start: 7; grid-row-end: 8;"
          title="no tasks completed - Sat, July 30, 2022"
        />
        <div
          class="h-4 border"
          style="background-color: rgb(226, 232, 240); grid-row-start: 1; grid-row-end: 2;"
          title="no tasks completed - Sun, July 31, 2022"
        />
        <div
          class="h-4 border"
          style="background-color: rgb(226, 232, 240); grid-row-start: 2; grid-row-end: 3;"
          title="no tasks completed - Mon, August 1, 2022"
        />
        <div
          class="h-4 border"
          style="background-color: rgb(226, 232, 240); grid-row-start: 3; grid-row-end: 4;"
          title="no tasks completed - Tue, August 2, 2022"
        />
        <div
          class="h-4 border"
          style="background-color: rgb(226, 232, 240); grid-row-start: 4; grid-row-end: 5;"
          title="no tasks completed - Wed, August 3, 2022"
        />
        <div
          class="h-4 border"
          style="background-color: rgb(226, 232, 240); grid-row-start: 5; grid-row-end: 6;"
          title="no tasks completed - Thu, August 4, 2022"
        />
        <div
          class="h-4 border"
          style="background-color: rgb(226, 232, 240); grid-row-start: 6; grid-row-end: 7;"
          title="no tasks completed - Fri, August 5, 2022"
        />
        <div
          class="h-4 border"
          style="background-color: rgb(226, 232, 240); grid-row-start: 7; grid-row-end: 8;"
          title="no tasks completed - Sat, August 6, 2022"
        />
        <div
          class="h-4 border"
          style="background-color: rgb(226, 232, 240); grid-row-start: 1; grid-row-end: 2;"
          title="no tasks completed - Sun, August 7, 2022"
        />
        <div
          class="h-4 border"
          style="background-color: rgb(226, 232, 240); grid-row-start: 2; grid-row-end: 3;"
          title="no tasks completed - Mon, August 8, 2022"
        />
        <div
          class="h-4 border"
          style="background-color: rgb(226, 232, 240); grid-row-start: 3; grid-row-end: 4;"
          title="no tasks completed - Tue, August 9, 2022"
        />
        <div
          class="h-4 border"
          style="background-color: rgb(226, 232, 240); grid-row-start: 4; grid-row-end: 5;"
          title="no tasks completed - Wed, August 10, 2022"
        />
        <div
          class="h-4 border"
          style="background-color: rgb(226, 232, 240); grid-row-start: 5; grid-row-end: 6;"
          title="no tasks completed - Thu, August 11, 2022"
        />
        <div
          class="h-4 border"
          style="background-color: rgb(226, 232, 240); grid-row-start: 6; grid-row-end: 7;"
          title="no tasks completed - Fri, August 12, 2022"
        />
        <div
          class="h-4 border"
          style="background-color: rgb(226, 232, 240); grid-row-start: 7; grid-row-end: 8;"
          title="no tasks completed - Sat, August 13, 2022"
        />
        <div
          class="h-4 border"
          style="background-color: rgb(226, 232, 240); grid-row-start: 1; grid-row-end: 2;"
          title="no tasks completed - Sun, August 14, 2022"
        />
        <div
          class="h-4 border"
          style="background-color: rgb(226, 232, 240); grid-row-start: 2; grid-row-end: 3;"
          title="no tasks completed - Mon, August 15, 2022"
        />
        <div
          class="h-4 border"
          style="background-color: rgb(226, 232, 240); grid-row-start: 3; grid-row-end: 4;"
          title="no tasks completed - Tue, August 16, 2022"
        />
        <div
          class="h-4 border"
          style="background-color: rgb(226, 232, 240); grid-row-start: 4; grid-row-end: 5;"
          title="no tasks completed - Wed, August 17, 2022"
        />
        <div
          class="h-4 border"
          style="background-color: rgb(226, 232, 240); grid-row-start: 5; grid-row-end: 6;"
          title="no tasks completed - Thu, August 18, 2022"
        />
        <div
          class="h-4 border"
          style="background-color: rgb(226, 232, 240); grid-row-start: 6; grid-row-end: 7;"
          title="no tasks completed - Fri, August 19, 2022"
        />
        <div
          class="h-4 border"
          style="background-color: rgb(226, 232, 240); grid-row-start: 7; grid-row-end: 8;"
          title="no tasks completed - Sat, August 20, 2022"
        />
        <div
          class="h-4 border"
          style="background-color: rgb(226, 232, 240); grid-row-start: 1; grid-row-end: 2;"
          title="no tasks completed - Sun, August 21, 2022"
        />
        <div
          class="h-4 border"
          style="background-color: rgb(226, 232, 240); grid-row-start: 2; grid-row-end: 3;"
          title="no tasks completed - Mon, August 22, 2022"
        />
        <div
          class="h-4 border"
          style="background-color: rgb(226, 232, 240); grid-row-start: 3; grid-row-end: 4;"
          title="no tasks completed - Tue, August 23, 2022"
        />
        <div
          class="h-4 border"
          style="background-color: rgb(226, 232, 240); grid-row-start: 4; grid-row-end: 5;"
          title="no tasks completed - Wed, August 24, 2022"
        />
        <div
          class="h-4 border"
          style="background-color: rgb(226, 232, 240); grid-row-start: 5; grid-row-end: 6;"
          title="no tasks completed - Thu, August 25, 2022"
        />
        <div
          class="h-4 border"
          style="background-color: rgb(226, 232, 240); grid-row-start: 6; grid-row-end: 7;"
          title="no tasks completed - Fri, August 26, 2022"
        />
        <div
          class="h-4 border"
          style="background-color: rgb(226, 232, 240); grid-row-start: 7; grid-row-end: 8;"
          title="no tasks completed - Sat, August 27, 2022"
        />
        <div
          class="h-4 border"
          style="background-color: rgb(226, 232, 240); grid-row-start: 1; grid-row-end: 2;"
          title="no tasks completed - Sun, August 28, 2022"
        />
        <div
          class="h-4 border"
          style="background-color: rgb(226, 232, 240); grid-row-start: 2; grid-row-end: 3;"
          title="no tasks completed - Mon, August 29, 2022"
        />
        <div
          class="h-4 border"
          style="background-color: rgb(226, 232, 240); grid-row-start: 3; grid-row-end: 4;"
          title="no tasks completed - Tue, August 30, 2022"
        />
        <div
          class="h-4 border"
          style="background-color: rgb(226, 232, 240); grid-row-start: 4; grid-row-end: 5;"
          title="no tasks completed - Wed, August 31, 2022"
        />
        <div
          class="h-4 border"
          style="background-color: rgb(226, 232, 240); grid-row-start: 5; grid-row-end: 6;"
          title="no tasks completed - Thu, September 1, 2022"
        />
        <div
          class="h-4 border"
          style="background-color: rgb(226, 232, 240); grid-row-start: 6; grid-row-end: 7;"
          title="no tasks completed - Fri, September 2, 2022"
        />
        <div
          class="h-4 border"
          style="background-color: rgb(226, 232, 240); grid-row-start: 7; grid-row-end: 8;"
          title="no tasks completed - Sat, September 3, 2022"
        />
        <div
          class="h-4 border"
          style="background-color: rgb(226, 232, 240); grid-row-start: 1; grid-row-end: 2;"
          title="no tasks completed - Sun, September 4, 2022"
        />
        <div
          class="h-4 border"
          style="background-color: rgb(226, 232, 240); grid-row-start: 2; grid-row-end: 3;"
          title="no tasks completed - Mon, September 5, 2022"
        />
        <div
          class="h-4 border"
          style="background-color: rgb(226, 232, 240); grid-row-start: 3; grid-row-end: 4;"
          title="no tasks completed - Tue, September 6, 2022"
        />
        <div
          class="h-4 border"
          style="background-color: rgb(226, 232, 240); grid-row-start: 4; grid-row-end: 5;"
          title="no tasks completed - Wed, September 7, 2022"
        />
        <div
          class="h-4 border"
          style="background-color: rgb(226, 232, 240); grid-row-start: 5; grid-row-end: 6;"
          title="no tasks completed - Thu, September 8, 2022"
        />
        <div
          class="h-4 border"
          style="background-color: rgb(226, 232, 240); grid-row-start: 6; grid-row-end: 7;"
          title="no tasks completed - Fri, September 9, 2022"
        />
        <div
          class="h-4 border"
          style="background-color: rgb(226, 232, 240); grid-row-start: 7; grid-row-end: 8;"
          title="no tasks completed - Sat, September 10, 2022"
        />
        <div
          class="h-4 border"
          style="background-color: rgb(226, 232, 240); grid-row-start: 1; grid-row-end: 2;"
          title="no tasks completed - Sun, September 11, 2022"
        />
        <div
          class="h-4 border"
          style="background-color: rgb(226, 232, 240); grid-row-start: 2; grid-row-end: 3;"
          title="no tasks completed - Mon, September 12, 2022"
        />
        <div
          class="h-4 border"
          style="background-color: rgb(226, 232, 240); grid-row-start: 3; grid-row-end: 4;"
          title="no tasks completed - Tue, September 13, 2022"
        />
        <div
          class="h-4 border"
          style="background-color: rgb(226, 232, 240); grid-row-start: 4; grid-row-end: 5;"
          title="no tasks completed - Wed, September 14, 2022"
        />
        <div
          class="h-4 border"
          style="background-color: rgb(226, 232, 240); grid-row-start: 5; grid-row-end: 6;"
          title="no tasks completed - Thu, September 15, 2022"
        />
        <div
          class="h-4 border"
          style="background-color: rgb(226, 232, 240); grid-row-start: 6; grid-row-end: 7;"
          title="no tasks completed - Fri, September 16, 2022"
        />
        <div
          class="h-4 border"
          style="background-color: rgb(226, 232, 240); grid-row-start: 7; grid-row-end: 8;"
          title="no tasks completed - Sat, September 17, 2022"
        />
        <div
          class="h-4 border"
          style="background-color: rgb(226, 232, 240); grid-row-start: 1; grid-row-end: 2;"
          title="no tasks completed - Sun, September 18, 2022"
        />
        <div
          class="h-4 border"
          style="background-color: rgb(226, 232, 240); grid-row-start: 2; grid-row-end: 3;"
          title="no tasks completed - Mon, September 19, 2022"
        />
        <div
          class="h-4 border"
          style="background-color: rgb(226, 232, 240); grid-row-start: 3; grid-row-end: 4;"
          title="no tasks completed - Tue, September 20, 2022"
        />
        <div
          class="h-4 border"
          style="background-color: rgb(226, 232, 240); grid-row-start: 4; grid-row-end: 5;"
          title="no tasks completed - Wed, September 21, 2022"
        />
        <div
          class="h-4 border"
          style="background-color: rgb(226, 232, 240); grid-row-start: 5; grid-row-end: 6;"
          title="no tasks completed - Thu, September 22, 2022"
        />
        <div
          class="h-4 border"
          style="background-color: rgb(226, 232, 240); grid-row-start: 6; grid-row-end: 7;"
          title="no tasks completed - Fri, September 23, 2022"
        />
        <div
          class="h-4 border"
          style="background-color: rgb(226, 232, 240); grid-row-start: 7; grid-row-end: 8;"
          title="no tasks completed - Sat, September 24, 2022"
        />
        <div
          class="h-4 border"
          style="background-color: rgb(226, 232, 240); grid-row-start: 1; grid-row-end: 2;"
          title="no tasks completed - Sun, September 25, 2022"
        />
        <div
          class="h-4 border"
          style="background-color: rgb(226, 232, 240); grid-row-start: 2; grid-row-end: 3;"
          title="no tasks completed - Mon, September 26, 2022"
        />
        <div
          class="h-4 border"
          style="background-color: rgb(226, 232, 240); grid-row-start: 3; grid-row-end: 4;"
          title="no tasks completed - Tue, September 27, 2022"
        />
        <div
          class="h-4 border"
          style="background-color: rgb(226, 232, 240); grid-row-start: 4; grid-row-end: 5;"
          title="no tasks completed - Wed, September 28, 2022"
        />
        <div
          class="h-4 border"
          style="background-color: rgb(226, 232, 240); grid-row-start: 5; grid-row-end: 6;"
          title="no tasks completed - Thu, September 29, 2022"
        />
        <div
          class="h-4 border"
          style="background-color: rgb(226, 232, 240); grid-row-start: 6; grid-row-end: 7;"
          title="no tasks completed - Fri, September 30, 2022"
        />
        <div
          class="h-4 border"
          style="background-color: rgb(226, 232, 240); grid-row-start: 7; grid-row-end: 8;"
          title="no tasks completed - Sat, October 1, 2022"
        />
        <div
          class="h-4 border"
          style="background-color: rgb(226, 232, 240); grid-row-start: 1; grid-row-end: 2;"
          title="no tasks completed - Sun, October 2, 2022"
        />
        <div
          class="h-4 border"
          style="background-color: rgb(226, 232, 240); grid-row-start: 2; grid-row-end: 3;"
          title="no tasks completed - Mon, October 3, 2022"
        />
        <div
          class="h-4 border"
          style="background-color: rgb(226, 232, 240); grid-row-start: 3; grid-row-end: 4;"
          title="no tasks completed - Tue, October 4, 2022"
        />
        <div
          class="h-4 border"
          style="background-color: rgb(226, 232, 240); grid-row-start: 4; grid-row-end: 5;"
          title="no tasks completed - Wed, October 5, 2022"
        />
        <div
          class="h-4 border"
          style="background-color: rgb(226, 232, 240); grid-row-start: 5; grid-row-end: 6;"
          title="no tasks completed - Thu, October 6, 2022"
        />
        <div
          class="h-4 border"
          style="background-color: rgb(226, 232, 240); grid-row-start: 6; grid-row-end: 7;"
          title="no tasks completed - Fri, October 7, 2022"
        />
        <div
          class="h-4 border"
          style="background-color: rgb(226, 232, 240); grid-row-start: 7; grid-row-end: 8;"
          title="no tasks completed - Sat, October 8, 2022"
        />
        <div
          class="h-4 border"
          style="background-color: rgb(226, 232, 240); grid-row-start: 1; grid-row-end: 2;"
          title="no tasks completed - Sun, October 9, 2022"
        />
        <div
          class="h-4 border"
          style="background-color: rgb(226, 232, 240); grid-row-start: 2; grid-row-end: 3;"
          title="no tasks completed - Mon, October 10, 2022"
        />
        <div
          class="h-4 border"
          style="background-color: rgb(226, 232, 240); grid-row-start: 3; grid-row-end: 4;"
          title="no tasks completed - Tue, October 11, 2022"
        />
        <div
          class="h-4 border"
          style="background-color: rgb(226, 232, 240); grid-row-start: 4; grid-row-end: 5;"
          title="no tasks completed - Wed, October 12, 2022"
        />
        <div
          class="h-4 border"
          style="background-color: rgb(226, 232, 240); grid-row-start: 5; grid-row-end: 6;"
          title="no tasks completed - Thu, October 13, 2022"
        />
        <div
          class="h-4 border"
          style="background-color: rgb(226, 232, 240); grid-row-start: 6; grid-row-end: 7;"
          title="no tasks completed - Fri, October 14, 2022"
        />
        <div
          class="h-4 border"
          style="background-color: rgb(226, 232, 240); grid-row-start: 7; grid-row-end: 8;"
          title="no tasks completed - Sat, October 15, 2022"
        />
        <div
          class="h-4 border"
          style="background-color: rgb(226, 232, 240); grid-row-start: 1; grid-row-end: 2;"
          title="no tasks completed - Sun, October 16, 2022"
        />
        <div
          class="h-4 border"
          style="background-color: rgb(226, 232, 240); grid-row-start: 2; grid-row-end: 3;"
          title="no tasks completed - Mon, October 17, 2022"
        />
        <div
          class="h-4 border"
          style="background-color: rgb(226, 232, 240); grid-row-start: 3; grid-row-end: 4;"
          title="no tasks completed - Tue, October 18, 2022"
        />
        <div
          class="h-4 border"
          style="background-color: rgb(226, 232, 240); grid-row-start: 4; grid-row-end: 5;"
          title="no tasks completed - Wed, October 19, 2022"
        />
        <div
          class="h-4 border"
          style="background-color: rgb(226, 232, 240); grid-row-start: 5; grid-row-end: 6;"
          title="no tasks completed - Thu, October 20, 2022"
        />
        <div
          class="h-4 border"
          style="background-color: rgb(226, 232, 240); grid-row-start: 6; grid-row-end: 7;"
          title="no tasks completed - Fri, October 21, 2022"
        />
        <div
          class="h-4 border"
          style="background-color: rgb(226, 232, 240); grid-row-start: 7; grid-row-end: 8;"
          title="no tasks completed - Sat, October 22, 2022"
        />
        <div
          class="h-4 border"
          style="background-color: rgb(226, 232, 240); grid-row-start: 1; grid-row-end: 2;"
          title="no tasks completed - Sun, October 23, 2022"
        />
        <div
          class="h-4 border"
          style="background-color: rgb(226, 232, 240); grid-row-start: 2; grid-row-end: 3;"
          title="no tasks completed - Mon, October 24, 2022"
        />
        <div
          class="h-4 border"
          style="background-color: rgb(226, 232, 240); grid-row-start: 3; grid-row-end: 4;"
          title="no tasks completed - Tue, October 25, 2022"
        />
        <div
          class="h-4 border"
          style="background-color: rgb(226, 232, 240); grid-row-start: 4; grid-row-end: 5;"
          title="no tasks completed - Wed, October 26, 2022"
        />
        <div
          class="h-4 border"
          style="background-color: rgb(226, 232, 240); grid-row-start: 5; grid-row-end: 6;"
          title="no tasks completed - Thu, October 27, 2022"
        />
        <div
          class="h-4 border"
          style="background-color: rgb(226, 232, 240); grid-row-start: 6; grid-row-end: 7;"
          title="no tasks completed - Fri, October 28, 2022"
        />
        <div
          class="h-4 border"
          style="background-color: rgb(226, 232, 240); grid-row-start: 7; grid-row-end: 8;"
          title="no tasks completed - Sat, October 29, 2022"
        />
        <div
          class="h-4 border"
          style="background-color: rgb(226, 232, 240); grid-row-start: 1; grid-row-end: 2;"
          title="no tasks completed - Sun, October 30, 2022"
        />
        <div
          class="h-4 border"
          style="background-color: rgb(226, 232, 240); grid-row-start: 2; grid-row-end: 3;"
          title="no tasks completed - Mon, October 31, 2022"
        />
        <div
          class="h-4 border"
          style="background-color: rgb(226, 232, 240); grid-row-start: 3; grid-row-end: 4;"
          title="no tasks completed - Tue, November 1, 2022"
        />
        <div
          class="h-4 border"
          style="background-color: rgb(226, 232, 240); grid-row-start: 4; grid-row-end: 5;"
          title="no tasks completed - Wed, November 2, 2022"
        />
        <div
          class="h-4 border"
          style="background-color: rgb(226, 232, 240); grid-row-start: 5; grid-row-end: 6;"
          title="no tasks completed - Thu, November 3, 2022"
        />
        <div
          class="h-4 border"
          style="background-color: rgb(226, 232, 240); grid-row-start: 6; grid-row-end: 7;"
          title="no tasks completed - Fri, November 4, 2022"
        />
        <div
          class="h-4 border"
          style="background-color: rgb(226, 232, 240); grid-row-start: 7; grid-row-end: 8;"
          title="no tasks completed - Sat, November 5, 2022"
        />
        <div
          class="h-4 border"
          style="background-color: rgb(226, 232, 240); grid-row-start: 1; grid-row-end: 2;"
          title="no tasks completed - Sun, November 6, 2022"
        />
        <div
          class="h-4 border"
          style="background-color: rgb(226, 232, 240); grid-row-start: 2; grid-row-end: 3;"
          title="no tasks completed - Mon, November 7, 2022"
        />
        <div
          class="h-4 border"
          style="background-color: rgb(226, 232, 240); grid-row-start: 3; grid-row-end: 4;"
          title="no tasks completed - Tue, November 8, 2022"
        />
        <div
          class="h-4 border"
          style="background-color: rgb(226, 232, 240); grid-row-start: 4; grid-row-end: 5;"
          title="no tasks completed - Wed, November 9, 2022"
        />
        <div
          class="h-4 border"
          style="background-color: rgb(226, 232, 240); grid-row-start: 5; grid-row-end: 6;"
          title="no tasks completed - Thu, November 10, 2022"
        />
        <div
          class="h-4 border"
          style="background-color: rgb(226, 232, 240); grid-row-start: 6; grid-row-end: 7;"
          title="no tasks completed - Fri, November 11, 2022"
        />
        <div
          class="h-4 border"
          style="background-color: rgb(226, 232, 240); grid-row-start: 7; grid-row-end: 8;"
          title="no tasks completed - Sat, November 12, 2022"
        />
        <div
          class="h-4 border"
          style="background-color: rgb(226, 232, 240); grid-row-start: 1; grid-row-end: 2;"
          title="no tasks completed - Sun, November 13, 2022"
        />
        <div
          class="h-4 border"
          style="background-color: rgb(226, 232, 240); grid-row-start: 2; grid-row-end: 3;"
          title="no tasks completed - Mon, November 14, 2022"
        />
        <div
          class="h-4 border"
          style="background-color: rgb(226, 232, 240); grid-row-start: 3; grid-row-end: 4;"
          title="no tasks completed - Tue, November 15, 2022"
        />
        <div
          class="h-4 border"
          style="background-color: rgb(226, 232, 240); grid-row-start: 4; grid-row-end: 5;"
          title="no tasks completed - Wed, November 16, 2022"
        />
        <div
          class="h-4 border"
          style="background-color: rgb(226, 232, 240); grid-row-start: 5; grid-row-end: 6;"
          title="no tasks completed - Thu, November 17, 2022"
        />
        <div
          class="h-4 border"
          style="background-color: rgb(226, 232, 240); grid-row-start: 6; grid-row-end: 7;"
          title="no tasks completed - Fri, November 18, 2022"
        />
        <div
          class="h-4 border"
          style="background-color: rgb(226, 232, 240); grid-row-start: 7; grid-row-end: 8;"
          title="no tasks completed - Sat, November 19, 2022"
        />
        <div
          class="h-4 border"
          style="background-color: rgb(226, 232, 240); grid-row-start: 1; grid-row-end: 2;"
          title="no tasks completed - Sun, November 20, 2022"
        />
        <div
          class="h-4 border"
          style="background-color: rgb(226, 232, 240); grid-row-start: 2; grid-row-end: 3;"
          title="no tasks completed - Mon, November 21, 2022"
        />
        <div
          class="h-4 border"
          style="background-color: rgb(226, 232, 240); grid-row-start: 3; grid-row-end: 4;"
          title="no tasks completed - Tue, November 22, 2022"
        />
        <div
          class="h-4 border"
          style="background-color: rgb(226, 232, 240); grid-row-start: 4; grid-row-end: 5;"
          title="no tasks completed - Wed, November 23, 2022"
        />
        <div
          class="h-4 border"
          style="background-color: rgb(226, 232, 240); grid-row-start: 5; grid-row-end: 6;"
          title="no tasks completed - Thu, November 24, 2022"
        />
        <div
          class="h-4 border"
          style="background-color: rgb(226, 232, 240); grid-row-start: 6; grid-row-end: 7;"
          title="no tasks completed - Fri, November 25, 2022"
        />
        <div
          class="h-4 border"
          style="background-color: rgb(226, 232, 240); grid-row-start: 7; grid-row-end: 8;"
          title="no tasks completed - Sat, November 26, 2022"
        />
        <div
          class="h-4 border"
          style="background-color: rgb(226, 232, 240); grid-row-start: 1; grid-row-end: 2;"
          title="no tasks completed - Sun, November 27, 2022"
        />
        <div
          class="h-4 border"
          style="background-color: rgb(226, 232, 240); grid-row-start: 2; grid-row-end: 3;"
          title="no tasks completed - Mon, November 28, 2022"
        />
        <div
          class="h-4 border"
          style="background-color: rgb(226, 232, 240); grid-row-start: 3; grid-row-end: 4;"
          title="no tasks completed - Tue, November 29, 2022"
        />
        <div
          class="h-4 border"
          style="background-color: rgb(226, 232, 240); grid-row-start: 4; grid-row-end: 5;"
          title="no tasks completed - Wed, November 30, 2022"
        />
        <div
          class="h-4 border"
          style="background-color: rgb(226, 232, 240); grid-row-start: 5; grid-row-end: 6;"
          title="no tasks completed - Thu, December 1, 2022"
        />
        <div
          class="h-4 border"
          style="background-color: rgb(226, 232, 240); grid-row-start: 6; grid-row-end: 7;"
          title="no tasks completed - Fri, December 2, 2022"
        />
        <div
          class="h-4 border"
          style="background-color: rgb(226, 232, 240); grid-row-start: 7; grid-row-end: 8;"
          title="no tasks completed - Sat, December 3, 2022"
        />
        <div
          class="h-4 border"
          style="background-color: rgb(226, 232, 240); grid-row-start: 1; grid-row-end: 2;"
          title="no tasks completed - Sun, December 4, 2022"
        />
        <div
          class="h-4 border"
          style="background-color: rgb(226, 232, 240); grid-row-start: 2; grid-row-end: 3;"
          title="no tasks completed - Mon, December 5, 2022"
        />
        <div
          class="h-4 border"
          style="background-color: rgb(226, 232, 240); grid-row-start: 3; grid-row-end: 4;"
          title="no tasks completed - Tue, December 6, 2022"
        />
        <div
          class="h-4 border"
          style="background-color: rgb(226, 232, 240); grid-row-start: 4; grid-row-end: 5;"
          title="no tasks completed - Wed, December 7, 2022"
        />
        <div
          class="h-4 border"
          style="background-color: rgb(226, 232, 240); grid-row-start: 5; grid-row-end: 6;"
          title="no tasks completed - Thu, December 8, 2022"
        />
        <div
          class="h-4 border"
          style="background-color: rgb(226, 232, 240); grid-row-start: 6; grid-row-end: 7;"
          title="no tasks completed - Fri, December 9, 2022"
        />
        <div
          class="h-4 border"
          style="background-color: rgb(226, 232, 240); grid-row-start: 7; grid-row-end: 8;"
          title="no tasks completed - Sat, December 10, 2022"
        />
        <div
          class="h-4 border"
          style="background-color: rgb(226, 232, 240); grid-row-start: 1; grid-row-end: 2;"
          title="no tasks completed - Sun, December 11, 2022"
        />
        <div
          class="h-4 border"
          style="background-color: rgb(226, 232, 240); grid-row-start: 2; grid-row-end: 3;"
          title="no tasks completed - Mon, December 12, 2022"
        />
        <div
          class="h-4 border"
          style="background-color: rgb(226, 232, 240); grid-row-start: 3; grid-row-end: 4;"
          title="no tasks completed - Tue, December 13, 2022"
        />
        <div
          class="h-4 border"
          style="background-color: rgb(226, 232, 240); grid-row-start: 4; grid-row-end: 5;"
          title="no tasks completed - Wed, December 14, 2022"
        />
        <div
          class="h-4 border"
          style="background-color: rgb(226, 232, 240); grid-row-start: 5; grid-row-end: 6;"
          title="no tasks completed - Thu, December 15, 2022"
        />
        <div
          class="h-4 border"
          style="background-color: rgb(226, 232, 240); grid-row-start: 6; grid-row-end: 7;"
          title="no tasks completed - Fri, December 16, 2022"
        />
        <div
          class="h-4 border"
          style="background-color: rgb(226, 232, 240); grid-row-start: 7; grid-row-end: 8;"
          title="no tasks completed - Sat, December 17, 2022"
        />
        <div
          class="h-4 border"
          style="background-color: rgb(226, 232, 240); grid-row-start: 1; grid-row-end: 2;"
          title="no tasks completed - Sun, December 18, 2022"
        />
        <div
          class="h-4 border"
          style="background-color: rgb(226, 232, 240); grid-row-start: 2; grid-row-end: 3;"
          title="no tasks completed - Mon, December 19, 2022"
        />
        <div
          class="h-4 border"
          style="background-color: rgb(226, 232, 240); grid-row-start: 3; grid-row-end: 4;"
          title="no tasks completed - Tue, December 20, 2022"
        />
        <div
          class="h-4 border"
          style="background-color: rgb(226, 232, 240); grid-row-start: 4; grid-row-end: 5;"
          title="no tasks completed - Wed, December 21, 2022"
        />
        <div
          class="h-4 border"
          style="background-color: rgb(226, 232, 240); grid-row-start: 5; grid-row-end: 6;"
          title="no tasks completed - Thu, December 22, 2022"
        />
        <div
          class="h-4 border"
          style="background-color: rgb(226, 232, 240); grid-row-start: 6; grid-row-end: 7;"
          title="no tasks completed - Fri, December 23, 2022"
        />
        <div
          class="h-4 border"
          style="background-color: rgb(226, 232, 240); grid-row-start: 7; grid-row-end: 8;"
          title="no tasks completed - Sat, December 24, 2022"
        />
        <div
          class="h-4 border"
          style="background-color: rgb(226, 232, 240); grid-row-start: 1; grid-row-end: 2;"
          title="no tasks completed - Sun, December 25, 2022"
        />
        <div
          class="h-4 border"
          style="background-color: rgb(226, 232, 240); grid-row-start: 2; grid-row-end: 3;"
          title="no tasks completed - Mon, December 26, 2022"
        />
        <div
          class="h-4 border"
          style="background-color: rgb(226, 232, 240); grid-row-start: 3; grid-row-end: 4;"
          title="no tasks completed - Tue, December 27, 2022"
        />
        <div
          class="h-4 border"
          style="background-color: rgb(226, 232, 240); grid-row-start: 4; grid-row-end: 5;"
          title="no tasks completed - Wed, December 28, 2022"
        />
        <div
          class="h-4 border"
          style="background-color: rgb(226, 232, 240); grid-row-start: 5; grid-row-end: 6;"
          title="no tasks completed - Thu, December 29, 2022"
        />
        <div
          class="h-4 border"
          style="background-color: rgb(226, 232, 240); grid-row-start: 6; grid-row-end: 7;"
          title="no tasks completed - Fri, December 30, 2022"
        />
        <div
          class="h-4 border"
          style="background-color: rgb(226, 232, 240); grid-row-start: 7; grid-row-end: 8;"
          title="no tasks completed - Sat, December 31, 2022"
        />
        <div
          class="h-4 border"
          style="background-color: rgb(226, 232, 240); grid-row-start: 1; grid-row-end: 2;"
          title="no tasks completed - Sun, January 1, 2023"
        />
        <div
          class="h-4 border"
          style="background-color: rgb(226, 232, 240); grid-row-start: 2; grid-row-end: 3;"
          title="no tasks completed - Mon, January 2, 2023"
        />
        <div
          class="h-4 border"
          style="background-color: rgb(226, 232, 240); grid-row-start: 3; grid-row-end: 4;"
          title="no tasks completed - Tue, January 3, 2023"
        />
        <div
          class="h-4 border"
          style="background-color: rgb(226, 232, 240); grid-row-start: 4; grid-row-end: 5;"
          title="no tasks completed - Wed, January 4, 2023"
        />
        <div
          class="h-4 border"
          style="background-color: rgb(226, 232, 240); grid-row-start: 5; grid-row-end: 6;"
          title="no tasks completed - Thu, January 5, 2023"
        />
        <div
          class="h-4 border"
          style="background-color: rgb(226, 232, 240); grid-row-start: 6; grid-row-end: 7;"
          title="no tasks completed - Fri, January 6, 2023"
        />
        <div
          class="h-4 border"
          style="background-color: rgb(226, 232, 240); grid-row-start: 7; grid-row-end: 8;"
          title="no tasks completed - Sat, January 7, 2023"
        />
        <div
          class="h-4 border"
          style="background-color: rgb(226, 232, 240); grid-row-start: 1; grid-row-end: 2;"
          title="no tasks completed - Sun, January 8, 2023"
        />
        <div
          class="h-4 border"
          style="background-color: rgb(226, 232, 240); grid-row-start: 2; grid-row-end: 3;"
          title="no tasks completed - Mon, January 9, 2023"
        />
        <div
          class="h-4 border border-zinc-400"
          style="background-color: rgb(226, 232, 240); grid-row-start: 3; grid-row-end: 4;"
          title="no tasks completed - Tue, January 10, 2023"
        />
      </div>
    </div>
  </div>
</DocumentFragment>
`;
