// Jest Snapshot v1, https://goo.gl/fbAQLP

exports[`HabitScreen should render correctly 1`] = `
<DocumentFragment>
  <div
    class="flex justify-between items-center mb-3"
  >
    <div>
      <h2
        class="mb-4 font-extrabold tracking-tight text-zinc-600 text-2xl !mb-1"
        level="h4"
      >
        Reading
      </h2>
      <p
        class="text-sm mb-2 tracking-tight text-zinc-600"
      >
        Reading 10 pages
      </p>
    </div>
    <a
      class="text-sm whitespace-nowrap py-2 px-6 justify-center font-extrabold py-2.5 px-4 text-zinc-600 !text-xl"
      href="/habits/1/edit"
    >
      <svg
        aria-hidden="true"
        class="svg-inline--fa fa-pen-to-square "
        data-icon="pen-to-square"
        data-prefix="fas"
        focusable="false"
        role="img"
        viewBox="0 0 512 512"
        xmlns="http://www.w3.org/2000/svg"
      >
        <path
          d="M471.6 21.7c-21.9-21.9-57.3-21.9-79.2 0L362.3 51.7l97.9 97.9 30.1-30.1c21.9-21.9 21.9-57.3 0-79.2L471.6 21.7zm-299.2 220c-6.1 6.1-10.8 13.6-13.5 21.9l-29.6 88.8c-2.9 8.6-.6 18.1 5.8 24.6s15.9 8.7 24.6 5.8l88.8-29.6c8.2-2.7 15.7-7.4 21.9-13.5L437.7 172.3 339.7 74.3 172.4 241.7zM96 64C43 64 0 107 0 160V416c0 53 43 96 96 96H352c53 0 96-43 96-96V320c0-17.7-14.3-32-32-32s-32 14.3-32 32v96c0 17.7-14.3 32-32 32H96c-17.7 0-32-14.3-32-32V160c0-17.7 14.3-32 32-32h96c17.7 0 32-14.3 32-32s-14.3-32-32-32H96z"
          fill="currentColor"
        />
      </svg>
    </a>
  </div>
  <div
    class="bg-slate-300/5 rounded p-6"
  >
    <div
      class="flex mb-1 items-center"
    >
      <p
        class="text-sm mb-2 tracking-tight text-zinc-600 font-extrabold whitespace-nowrap font-semibold mt-2 mr-2 min-w-[25px]"
      >
        Jan
      </p>
      <div
        class="flex flex-wrap"
      >
        <div
          class="rounded w-6 h-6 border border-slate-500 hover:border-slate-200 mb-1 mr-1"
          title="1 Jan 2023"
        />
        <div
          class="rounded w-6 h-6 border border-slate-500 hover:border-slate-200 mb-1 mr-1"
          title="2 Jan 2023"
        />
        <div
          class="rounded w-6 h-6 border border-slate-500 hover:border-slate-200 mb-1 mr-1"
          title="3 Jan 2023"
        />
        <div
          class="rounded w-6 h-6 border border-slate-500 hover:border-slate-200 mb-1 mr-1"
          title="4 Jan 2023"
        />
        <div
          class="rounded w-6 h-6 border border-slate-500 hover:border-slate-200 mb-1 mr-1"
          title="5 Jan 2023"
        />
        <div
          class="rounded w-6 h-6 border border-slate-500 hover:border-slate-200 mb-1 mr-1"
          title="6 Jan 2023"
        />
        <div
          class="rounded w-6 h-6 border border-slate-500 hover:border-slate-200 mb-1 mr-1"
          title="7 Jan 2023"
        />
        <div
          class="rounded w-6 h-6 border border-slate-500 hover:border-slate-200 mb-1 mr-1"
          title="8 Jan 2023"
        />
        <div
          class="rounded w-6 h-6 border border-slate-500 hover:border-slate-200 mb-1 mr-1"
          title="9 Jan 2023"
        />
        <div
          class="rounded w-6 h-6 border border-slate-500 hover:border-slate-200 mb-1 mr-1"
          title="10 Jan 2023"
        />
        <div
          class="rounded w-6 h-6 border border-slate-500 hover:border-slate-200 mb-1 mr-1"
          title="11 Jan 2023"
        />
        <div
          class="rounded w-6 h-6 border border-slate-500 hover:border-slate-200 mb-1 mr-1"
          title="12 Jan 2023"
        />
        <div
          class="rounded w-6 h-6 border border-slate-500 hover:border-slate-200 mb-1 mr-1"
          title="13 Jan 2023"
        />
        <div
          class="rounded w-6 h-6 border border-slate-500 hover:border-slate-200 mb-1 mr-1"
          title="14 Jan 2023"
        />
        <div
          class="rounded w-6 h-6 border border-slate-500 hover:border-slate-200 mb-1 mr-1"
          title="15 Jan 2023"
        />
        <div
          class="rounded w-6 h-6 border border-slate-500 hover:border-slate-200 mb-1 mr-1"
          title="16 Jan 2023"
        />
        <div
          class="rounded w-6 h-6 border border-slate-500 hover:border-slate-200 mb-1 mr-1"
          title="17 Jan 2023"
        />
        <div
          class="rounded w-6 h-6 border border-slate-500 hover:border-slate-200 mb-1 mr-1"
          title="18 Jan 2023"
        />
        <div
          class="rounded w-6 h-6 border border-slate-500 hover:border-slate-200 mb-1 mr-1"
          title="19 Jan 2023"
        />
        <div
          class="rounded w-6 h-6 border border-slate-500 hover:border-slate-200 mb-1 mr-1"
          title="20 Jan 2023"
        />
        <div
          class="rounded w-6 h-6 border border-slate-500 hover:border-slate-200 mb-1 mr-1"
          title="21 Jan 2023"
        />
        <div
          class="rounded w-6 h-6 border border-slate-500 hover:border-slate-200 mb-1 mr-1"
          title="22 Jan 2023"
        />
        <div
          class="rounded w-6 h-6 border border-slate-500 hover:border-slate-200 mb-1 mr-1"
          title="23 Jan 2023"
        />
        <div
          class="rounded w-6 h-6 border border-slate-500 hover:border-slate-200 mb-1 mr-1"
          title="24 Jan 2023"
        />
        <div
          class="rounded w-6 h-6 border border-slate-500 hover:border-slate-200 mb-1 mr-1"
          title="25 Jan 2023"
        />
        <div
          class="rounded w-6 h-6 border border-slate-500 hover:border-slate-200 mb-1 mr-1"
          title="26 Jan 2023"
        />
        <div
          class="rounded w-6 h-6 border border-slate-500 hover:border-slate-200 mb-1 mr-1"
          title="27 Jan 2023"
        />
        <div
          class="rounded w-6 h-6 border border-slate-500 hover:border-slate-200 mb-1 mr-1"
          title="28 Jan 2023"
        />
        <div
          class="rounded w-6 h-6 border border-slate-500 hover:border-slate-200 mb-1 mr-1"
          title="29 Jan 2023"
        />
        <div
          class="rounded w-6 h-6 border border-slate-500 hover:border-slate-200 mb-1 mr-1"
          title="30 Jan 2023"
        />
        <div
          class="rounded w-6 h-6 border border-slate-500 hover:border-slate-200 mb-1 mr-1"
          title="31 Jan 2023"
        />
      </div>
    </div>
    <div
      class="flex mb-1 items-center"
    >
      <p
        class="text-sm mb-2 tracking-tight text-zinc-600 font-extrabold whitespace-nowrap font-semibold mt-2 mr-2 min-w-[25px]"
      >
        Feb
      </p>
      <div
        class="flex flex-wrap"
      >
        <div
          class="rounded w-6 h-6 border border-slate-500 hover:border-slate-200 mb-1 mr-1"
          title="1 Feb 2023"
        />
        <div
          class="rounded w-6 h-6 border border-slate-500 hover:border-slate-200 mb-1 mr-1"
          title="2 Feb 2023"
        />
        <div
          class="rounded w-6 h-6 border border-slate-500 hover:border-slate-200 mb-1 mr-1"
          title="3 Feb 2023"
        />
        <div
          class="rounded w-6 h-6 border border-slate-500 hover:border-slate-200 mb-1 mr-1"
          title="4 Feb 2023"
        />
        <div
          class="rounded w-6 h-6 border border-slate-500 hover:border-slate-200 mb-1 mr-1"
          title="5 Feb 2023"
        />
        <div
          class="rounded w-6 h-6 border border-slate-500 hover:border-slate-200 mb-1 mr-1"
          title="6 Feb 2023"
        />
        <div
          class="rounded w-6 h-6 border border-slate-500 hover:border-slate-200 mb-1 mr-1"
          title="7 Feb 2023"
        />
        <div
          class="rounded w-6 h-6 border border-slate-500 hover:border-slate-200 mb-1 mr-1"
          title="8 Feb 2023"
        />
        <div
          class="rounded w-6 h-6 border border-slate-500 hover:border-slate-200 mb-1 mr-1"
          title="9 Feb 2023"
        />
        <div
          class="rounded w-6 h-6 border border-slate-500 hover:border-slate-200 mb-1 mr-1"
          title="10 Feb 2023"
        />
        <div
          class="rounded w-6 h-6 border border-slate-500 hover:border-slate-200 mb-1 mr-1"
          title="11 Feb 2023"
        />
        <div
          class="rounded w-6 h-6 border border-slate-500 hover:border-slate-200 mb-1 mr-1"
          title="12 Feb 2023"
        />
        <div
          class="rounded w-6 h-6 border border-slate-500 hover:border-slate-200 mb-1 mr-1"
          title="13 Feb 2023"
        />
        <div
          class="rounded w-6 h-6 border border-slate-500 hover:border-slate-200 mb-1 mr-1"
          title="14 Feb 2023"
        />
        <div
          class="rounded w-6 h-6 border border-slate-500 hover:border-slate-200 mb-1 mr-1"
          title="15 Feb 2023"
        />
        <div
          class="rounded w-6 h-6 border border-slate-500 hover:border-slate-200 mb-1 mr-1"
          title="16 Feb 2023"
        />
        <div
          class="rounded w-6 h-6 border border-slate-500 hover:border-slate-200 mb-1 mr-1"
          title="17 Feb 2023"
        />
        <div
          class="rounded w-6 h-6 border border-slate-500 hover:border-slate-200 mb-1 mr-1"
          title="18 Feb 2023"
        />
        <div
          class="rounded w-6 h-6 border border-slate-500 hover:border-slate-200 mb-1 mr-1"
          title="19 Feb 2023"
        />
        <div
          class="rounded w-6 h-6 border border-slate-500 hover:border-slate-200 mb-1 mr-1"
          title="20 Feb 2023"
        />
        <div
          class="rounded w-6 h-6 border border-slate-500 hover:border-slate-200 mb-1 mr-1"
          title="21 Feb 2023"
        />
        <div
          class="rounded w-6 h-6 border border-slate-500 hover:border-slate-200 mb-1 mr-1"
          title="22 Feb 2023"
        />
        <div
          class="rounded w-6 h-6 border border-slate-500 hover:border-slate-200 mb-1 mr-1"
          title="23 Feb 2023"
        />
        <div
          class="rounded w-6 h-6 border border-slate-500 hover:border-slate-200 mb-1 mr-1"
          title="24 Feb 2023"
        />
        <div
          class="rounded w-6 h-6 border border-slate-500 hover:border-slate-200 mb-1 mr-1"
          title="25 Feb 2023"
        />
        <div
          class="rounded w-6 h-6 border border-slate-500 hover:border-slate-200 mb-1 mr-1"
          title="26 Feb 2023"
        />
        <div
          class="rounded w-6 h-6 border border-slate-500 hover:border-slate-200 mb-1 mr-1"
          title="27 Feb 2023"
        />
        <div
          class="rounded w-6 h-6 border border-slate-500 hover:border-slate-200 mb-1 mr-1"
          title="28 Feb 2023"
        />
      </div>
    </div>
    <div
      class="flex mb-1 items-center"
    >
      <p
        class="text-sm mb-2 tracking-tight text-zinc-600 font-extrabold whitespace-nowrap font-semibold mt-2 mr-2 min-w-[25px]"
      >
        Mar
      </p>
      <div
        class="flex flex-wrap"
      >
        <div
          class="rounded w-6 h-6 border border-slate-500 hover:border-slate-200 mb-1 mr-1"
          title="1 Mar 2023"
        />
        <div
          class="rounded w-6 h-6 border border-slate-500 hover:border-slate-200 mb-1 mr-1"
          title="2 Mar 2023"
        />
        <div
          class="rounded w-6 h-6 border border-slate-500 hover:border-slate-200 mb-1 mr-1"
          title="3 Mar 2023"
        />
        <div
          class="rounded w-6 h-6 border border-slate-500 hover:border-slate-200 mb-1 mr-1"
          title="4 Mar 2023"
        />
        <div
          class="rounded w-6 h-6 border border-slate-500 hover:border-slate-200 mb-1 mr-1"
          title="5 Mar 2023"
        />
        <div
          class="rounded w-6 h-6 border border-slate-500 hover:border-slate-200 mb-1 mr-1"
          title="6 Mar 2023"
        />
        <div
          class="rounded w-6 h-6 border border-slate-500 hover:border-slate-200 mb-1 mr-1"
          title="7 Mar 2023"
        />
        <div
          class="rounded w-6 h-6 border border-slate-500 hover:border-slate-200 mb-1 mr-1"
          title="8 Mar 2023"
        />
        <div
          class="rounded w-6 h-6 border border-slate-500 hover:border-slate-200 mb-1 mr-1"
          title="9 Mar 2023"
        />
        <div
          class="rounded w-6 h-6 border border-slate-500 hover:border-slate-200 mb-1 mr-1"
          title="10 Mar 2023"
        />
        <div
          class="rounded w-6 h-6 border border-slate-500 hover:border-slate-200 mb-1 mr-1"
          title="11 Mar 2023"
        />
        <div
          class="rounded w-6 h-6 border border-slate-500 hover:border-slate-200 mb-1 mr-1"
          title="12 Mar 2023"
        />
        <div
          class="rounded w-6 h-6 border border-slate-500 hover:border-slate-200 mb-1 mr-1"
          title="13 Mar 2023"
        />
        <div
          class="rounded w-6 h-6 border border-slate-500 hover:border-slate-200 mb-1 mr-1"
          title="14 Mar 2023"
        />
        <div
          class="rounded w-6 h-6 border border-slate-500 hover:border-slate-200 mb-1 mr-1"
          title="15 Mar 2023"
        />
        <div
          class="rounded w-6 h-6 border border-slate-500 hover:border-slate-200 mb-1 mr-1"
          title="16 Mar 2023"
        />
        <div
          class="rounded w-6 h-6 border border-slate-500 hover:border-slate-200 mb-1 mr-1"
          title="17 Mar 2023"
        />
        <div
          class="rounded w-6 h-6 border border-slate-500 hover:border-slate-200 mb-1 mr-1"
          title="18 Mar 2023"
        />
        <div
          class="rounded w-6 h-6 border border-slate-500 hover:border-slate-200 mb-1 mr-1"
          title="19 Mar 2023"
        />
        <div
          class="rounded w-6 h-6 border border-slate-500 hover:border-slate-200 mb-1 mr-1"
          title="20 Mar 2023"
        />
        <div
          class="rounded w-6 h-6 border border-slate-500 hover:border-slate-200 mb-1 mr-1"
          title="21 Mar 2023"
        />
        <div
          class="rounded w-6 h-6 border border-slate-500 hover:border-slate-200 mb-1 mr-1"
          title="22 Mar 2023"
        />
        <div
          class="rounded w-6 h-6 border border-slate-500 hover:border-slate-200 mb-1 mr-1"
          title="23 Mar 2023"
        />
        <div
          class="rounded w-6 h-6 border border-slate-500 hover:border-slate-200 mb-1 mr-1"
          title="24 Mar 2023"
        />
        <div
          class="rounded w-6 h-6 border border-slate-500 hover:border-slate-200 mb-1 mr-1"
          title="25 Mar 2023"
        />
        <div
          class="rounded w-6 h-6 border border-slate-500 hover:border-slate-200 mb-1 mr-1"
          title="26 Mar 2023"
        />
        <div
          class="rounded w-6 h-6 border border-slate-500 hover:border-slate-200 mb-1 mr-1"
          title="27 Mar 2023"
        />
        <div
          class="rounded w-6 h-6 border border-slate-500 hover:border-slate-200 mb-1 mr-1"
          title="28 Mar 2023"
        />
        <div
          class="rounded w-6 h-6 border border-slate-500 hover:border-slate-200 mb-1 mr-1"
          title="29 Mar 2023"
        />
        <div
          class="rounded w-6 h-6 border border-slate-500 hover:border-slate-200 mb-1 mr-1"
          title="30 Mar 2023"
        />
        <div
          class="rounded w-6 h-6 border border-slate-500 hover:border-slate-200 mb-1 mr-1"
          title="31 Mar 2023"
        />
      </div>
    </div>
    <div
      class="flex mb-1 items-center"
    >
      <p
        class="text-sm mb-2 tracking-tight text-zinc-600 font-extrabold whitespace-nowrap font-semibold mt-2 mr-2 min-w-[25px]"
      >
        Apr
      </p>
      <div
        class="flex flex-wrap"
      >
        <div
          class="rounded w-6 h-6 border border-slate-500 hover:border-slate-200 mb-1 mr-1"
          title="1 Apr 2023"
        />
        <div
          class="rounded w-6 h-6 border border-slate-500 hover:border-slate-200 mb-1 mr-1"
          title="2 Apr 2023"
        />
        <div
          class="rounded w-6 h-6 border border-slate-500 hover:border-slate-200 mb-1 mr-1"
          title="3 Apr 2023"
        />
        <div
          class="rounded w-6 h-6 border border-slate-500 hover:border-slate-200 mb-1 mr-1"
          title="4 Apr 2023"
        />
        <div
          class="rounded w-6 h-6 border border-slate-500 hover:border-slate-200 mb-1 mr-1"
          title="5 Apr 2023"
        />
        <div
          class="rounded w-6 h-6 border border-slate-500 hover:border-slate-200 mb-1 mr-1"
          title="6 Apr 2023"
        />
        <div
          class="rounded w-6 h-6 border border-slate-500 hover:border-slate-200 mb-1 mr-1"
          title="7 Apr 2023"
        />
        <div
          class="rounded w-6 h-6 border border-slate-500 hover:border-slate-200 mb-1 mr-1"
          title="8 Apr 2023"
        />
        <div
          class="rounded w-6 h-6 border border-slate-500 hover:border-slate-200 mb-1 mr-1"
          title="9 Apr 2023"
        />
        <div
          class="rounded w-6 h-6 border border-slate-500 hover:border-slate-200 mb-1 mr-1"
          title="10 Apr 2023"
        />
        <div
          class="rounded w-6 h-6 border border-slate-500 hover:border-slate-200 mb-1 mr-1"
          title="11 Apr 2023"
        />
        <div
          class="rounded w-6 h-6 border border-slate-500 hover:border-slate-200 mb-1 mr-1"
          title="12 Apr 2023"
        />
        <div
          class="rounded w-6 h-6 border border-slate-500 hover:border-slate-200 mb-1 mr-1"
          title="13 Apr 2023"
        />
        <div
          class="rounded w-6 h-6 border border-slate-500 hover:border-slate-200 mb-1 mr-1"
          title="14 Apr 2023"
        />
        <div
          class="rounded w-6 h-6 border border-slate-500 hover:border-slate-200 mb-1 mr-1"
          title="15 Apr 2023"
        />
        <div
          class="rounded w-6 h-6 border border-slate-500 hover:border-slate-200 mb-1 mr-1"
          title="16 Apr 2023"
        />
        <div
          class="rounded w-6 h-6 border border-slate-500 hover:border-slate-200 mb-1 mr-1"
          title="17 Apr 2023"
        />
        <div
          class="rounded w-6 h-6 border border-slate-500 hover:border-slate-200 mb-1 mr-1"
          title="18 Apr 2023"
        />
        <div
          class="rounded w-6 h-6 border border-slate-500 hover:border-slate-200 mb-1 mr-1"
          title="19 Apr 2023"
        />
        <div
          class="rounded w-6 h-6 border border-slate-500 hover:border-slate-200 mb-1 mr-1"
          title="20 Apr 2023"
        />
        <div
          class="rounded w-6 h-6 border border-slate-500 hover:border-slate-200 mb-1 mr-1"
          title="21 Apr 2023"
        />
        <div
          class="rounded w-6 h-6 border border-slate-500 hover:border-slate-200 mb-1 mr-1"
          title="22 Apr 2023"
        />
        <div
          class="rounded w-6 h-6 border border-slate-500 hover:border-slate-200 mb-1 mr-1"
          title="23 Apr 2023"
        />
        <div
          class="rounded w-6 h-6 border border-slate-500 hover:border-slate-200 mb-1 mr-1"
          title="24 Apr 2023"
        />
        <div
          class="rounded w-6 h-6 border border-slate-500 hover:border-slate-200 mb-1 mr-1"
          title="25 Apr 2023"
        />
        <div
          class="rounded w-6 h-6 border border-slate-500 hover:border-slate-200 mb-1 mr-1"
          title="26 Apr 2023"
        />
        <div
          class="rounded w-6 h-6 border border-slate-500 hover:border-slate-200 mb-1 mr-1"
          title="27 Apr 2023"
        />
        <div
          class="rounded w-6 h-6 border border-slate-500 hover:border-slate-200 mb-1 mr-1"
          title="28 Apr 2023"
        />
        <div
          class="rounded w-6 h-6 border border-slate-500 hover:border-slate-200 mb-1 mr-1"
          title="29 Apr 2023"
        />
        <div
          class="rounded w-6 h-6 border border-slate-500 hover:border-slate-200 mb-1 mr-1"
          title="30 Apr 2023"
        />
      </div>
    </div>
    <div
      class="flex mb-1 items-center"
    >
      <p
        class="text-sm mb-2 tracking-tight text-zinc-600 font-extrabold whitespace-nowrap font-semibold mt-2 mr-2 min-w-[25px]"
      >
        May
      </p>
      <div
        class="flex flex-wrap"
      >
        <div
          class="rounded w-6 h-6 border border-slate-500 hover:border-slate-200 mb-1 mr-1"
          title="1 May 2023"
        />
        <div
          class="rounded w-6 h-6 border border-slate-500 hover:border-slate-200 mb-1 mr-1"
          title="2 May 2023"
        />
        <div
          class="rounded w-6 h-6 border border-slate-500 hover:border-slate-200 mb-1 mr-1"
          title="3 May 2023"
        />
        <div
          class="rounded w-6 h-6 border border-slate-500 hover:border-slate-200 mb-1 mr-1"
          title="4 May 2023"
        />
        <div
          class="rounded w-6 h-6 border border-slate-500 hover:border-slate-200 mb-1 mr-1"
          title="5 May 2023"
        />
        <div
          class="rounded w-6 h-6 border border-slate-500 hover:border-slate-200 mb-1 mr-1"
          title="6 May 2023"
        />
        <div
          class="rounded w-6 h-6 border border-slate-500 hover:border-slate-200 mb-1 mr-1"
          title="7 May 2023"
        />
        <div
          class="rounded w-6 h-6 border border-slate-500 hover:border-slate-200 mb-1 mr-1"
          title="8 May 2023"
        />
        <div
          class="rounded w-6 h-6 border border-slate-500 hover:border-slate-200 mb-1 mr-1"
          title="9 May 2023"
        />
        <div
          class="rounded w-6 h-6 border border-slate-500 hover:border-slate-200 mb-1 mr-1"
          title="10 May 2023"
        />
        <div
          class="rounded w-6 h-6 border border-slate-500 hover:border-slate-200 mb-1 mr-1"
          title="11 May 2023"
        />
        <div
          class="rounded w-6 h-6 border border-slate-500 hover:border-slate-200 mb-1 mr-1"
          title="12 May 2023"
        />
        <div
          class="rounded w-6 h-6 border border-slate-500 hover:border-slate-200 mb-1 mr-1"
          title="13 May 2023"
        />
        <div
          class="rounded w-6 h-6 border border-slate-500 hover:border-slate-200 mb-1 mr-1"
          title="14 May 2023"
        />
        <div
          class="rounded w-6 h-6 border border-slate-500 hover:border-slate-200 mb-1 mr-1"
          title="15 May 2023"
        />
        <div
          class="rounded w-6 h-6 border border-slate-500 hover:border-slate-200 mb-1 mr-1"
          title="16 May 2023"
        />
        <div
          class="rounded w-6 h-6 border border-slate-500 hover:border-slate-200 mb-1 mr-1"
          title="17 May 2023"
        />
        <div
          class="rounded w-6 h-6 border border-slate-500 hover:border-slate-200 mb-1 mr-1"
          title="18 May 2023"
        />
        <div
          class="rounded w-6 h-6 border border-slate-500 hover:border-slate-200 mb-1 mr-1"
          title="19 May 2023"
        />
        <div
          class="rounded w-6 h-6 border border-slate-500 hover:border-slate-200 mb-1 mr-1"
          title="20 May 2023"
        />
        <div
          class="rounded w-6 h-6 border border-slate-500 hover:border-slate-200 mb-1 mr-1"
          title="21 May 2023"
        />
        <div
          class="rounded w-6 h-6 border border-slate-500 hover:border-slate-200 mb-1 mr-1"
          title="22 May 2023"
        />
        <div
          class="rounded w-6 h-6 border border-slate-500 hover:border-slate-200 mb-1 mr-1"
          title="23 May 2023"
        />
        <div
          class="rounded w-6 h-6 border border-slate-500 hover:border-slate-200 mb-1 mr-1"
          title="24 May 2023"
        />
        <div
          class="rounded w-6 h-6 border border-slate-500 hover:border-slate-200 mb-1 mr-1"
          title="25 May 2023"
        />
        <div
          class="rounded w-6 h-6 border border-slate-500 hover:border-slate-200 mb-1 mr-1"
          title="26 May 2023"
        />
        <div
          class="rounded w-6 h-6 border border-slate-500 hover:border-slate-200 mb-1 mr-1"
          title="27 May 2023"
        />
        <div
          class="rounded w-6 h-6 border border-slate-500 hover:border-slate-200 mb-1 mr-1"
          title="28 May 2023"
        />
        <div
          class="rounded w-6 h-6 border border-slate-500 hover:border-slate-200 mb-1 mr-1"
          title="29 May 2023"
        />
        <div
          class="rounded w-6 h-6 border border-slate-500 hover:border-slate-200 mb-1 mr-1"
          title="30 May 2023"
        />
        <div
          class="rounded w-6 h-6 border border-slate-500 hover:border-slate-200 mb-1 mr-1"
          title="31 May 2023"
        />
      </div>
    </div>
    <div
      class="flex mb-1 items-center"
    >
      <p
        class="text-sm mb-2 tracking-tight text-zinc-600 font-extrabold whitespace-nowrap font-semibold mt-2 mr-2 min-w-[25px]"
      >
        Jun
      </p>
      <div
        class="flex flex-wrap"
      >
        <div
          class="rounded w-6 h-6 border border-slate-500 hover:border-slate-200 mb-1 mr-1"
          title="1 Jun 2023"
        />
        <div
          class="rounded w-6 h-6 border border-slate-500 hover:border-slate-200 mb-1 mr-1"
          style="background-color: rgb(117, 171, 116);"
          title="2 Jun 2023"
        />
        <div
          class="rounded w-6 h-6 border border-slate-500 hover:border-slate-200 mb-1 mr-1"
          title="3 Jun 2023"
        />
        <div
          class="rounded w-6 h-6 border border-slate-500 hover:border-slate-200 mb-1 mr-1"
          title="4 Jun 2023"
        />
        <div
          class="rounded w-6 h-6 border border-slate-500 hover:border-slate-200 mb-1 mr-1"
          title="5 Jun 2023"
        />
        <div
          class="rounded w-6 h-6 border border-slate-500 hover:border-slate-200 mb-1 mr-1"
          title="6 Jun 2023"
        />
        <div
          class="rounded w-6 h-6 border border-slate-500 hover:border-slate-200 mb-1 mr-1"
          title="7 Jun 2023"
        />
        <div
          class="rounded w-6 h-6 border border-slate-500 hover:border-slate-200 mb-1 mr-1"
          title="8 Jun 2023"
        />
        <div
          class="rounded w-6 h-6 border border-slate-500 hover:border-slate-200 mb-1 mr-1"
          title="9 Jun 2023"
        />
        <div
          class="rounded w-6 h-6 border border-slate-500 hover:border-slate-200 mb-1 mr-1"
          title="10 Jun 2023"
        />
        <div
          class="rounded w-6 h-6 border border-slate-500 hover:border-slate-200 mb-1 mr-1"
          title="11 Jun 2023"
        />
        <div
          class="rounded w-6 h-6 border border-slate-500 hover:border-slate-200 mb-1 mr-1"
          title="12 Jun 2023"
        />
        <div
          class="rounded w-6 h-6 border border-slate-500 hover:border-slate-200 mb-1 mr-1"
          title="13 Jun 2023"
        />
        <div
          class="rounded w-6 h-6 border border-slate-500 hover:border-slate-200 mb-1 mr-1"
          title="14 Jun 2023"
        />
        <div
          class="rounded w-6 h-6 border border-slate-500 hover:border-slate-200 mb-1 mr-1"
          title="15 Jun 2023"
        />
        <div
          class="rounded w-6 h-6 border border-slate-500 hover:border-slate-200 mb-1 mr-1"
          title="16 Jun 2023"
        />
        <div
          class="rounded w-6 h-6 border border-slate-500 hover:border-slate-200 mb-1 mr-1"
          title="17 Jun 2023"
        />
        <div
          class="rounded w-6 h-6 border border-slate-500 hover:border-slate-200 mb-1 mr-1"
          title="18 Jun 2023"
        />
        <div
          class="rounded w-6 h-6 border border-slate-500 hover:border-slate-200 mb-1 mr-1"
          title="19 Jun 2023"
        />
        <div
          class="rounded w-6 h-6 border border-slate-500 hover:border-slate-200 mb-1 mr-1"
          title="20 Jun 2023"
        />
        <div
          class="rounded w-6 h-6 border border-slate-500 hover:border-slate-200 mb-1 mr-1"
          title="21 Jun 2023"
        />
        <div
          class="rounded w-6 h-6 border border-slate-500 hover:border-slate-200 mb-1 mr-1"
          title="22 Jun 2023"
        />
        <div
          class="rounded w-6 h-6 border border-slate-500 hover:border-slate-200 mb-1 mr-1"
          title="23 Jun 2023"
        />
        <div
          class="rounded w-6 h-6 border border-slate-500 hover:border-slate-200 mb-1 mr-1"
          title="24 Jun 2023"
        />
        <div
          class="rounded w-6 h-6 border border-slate-500 hover:border-slate-200 mb-1 mr-1"
          title="25 Jun 2023"
        />
        <div
          class="rounded w-6 h-6 border border-slate-500 hover:border-slate-200 mb-1 mr-1"
          title="26 Jun 2023"
        />
        <div
          class="rounded w-6 h-6 border border-slate-500 hover:border-slate-200 mb-1 mr-1"
          title="27 Jun 2023"
        />
        <div
          class="rounded w-6 h-6 border border-slate-500 hover:border-slate-200 mb-1 mr-1"
          title="28 Jun 2023"
        />
        <div
          class="rounded w-6 h-6 border border-slate-500 hover:border-slate-200 mb-1 mr-1"
          title="29 Jun 2023"
        />
        <div
          class="rounded w-6 h-6 border border-slate-500 hover:border-slate-200 mb-1 mr-1"
          title="30 Jun 2023"
        />
      </div>
    </div>
    <div
      class="flex mb-1 items-center"
    >
      <p
        class="text-sm mb-2 tracking-tight text-zinc-600 font-extrabold whitespace-nowrap font-semibold mt-2 mr-2 min-w-[25px]"
      >
        Jul
      </p>
      <div
        class="flex flex-wrap"
      >
        <div
          class="rounded w-6 h-6 border border-slate-500 hover:border-slate-200 mb-1 mr-1"
          title="1 Jul 2023"
        />
        <div
          class="rounded w-6 h-6 border border-slate-500 hover:border-slate-200 mb-1 mr-1"
          title="2 Jul 2023"
        />
        <div
          class="rounded w-6 h-6 border border-slate-500 hover:border-slate-200 mb-1 mr-1"
          title="3 Jul 2023"
        />
        <div
          class="rounded w-6 h-6 border border-slate-500 hover:border-slate-200 mb-1 mr-1"
          title="4 Jul 2023"
        />
        <div
          class="rounded w-6 h-6 border border-slate-500 hover:border-slate-200 mb-1 mr-1"
          title="5 Jul 2023"
        />
        <div
          class="rounded w-6 h-6 border border-slate-500 hover:border-slate-200 mb-1 mr-1"
          title="6 Jul 2023"
        />
        <div
          class="rounded w-6 h-6 border border-slate-500 hover:border-slate-200 mb-1 mr-1"
          title="7 Jul 2023"
        />
        <div
          class="rounded w-6 h-6 border border-slate-500 hover:border-slate-200 mb-1 mr-1"
          title="8 Jul 2023"
        />
        <div
          class="rounded w-6 h-6 border border-slate-500 hover:border-slate-200 mb-1 mr-1"
          title="9 Jul 2023"
        />
        <div
          class="rounded w-6 h-6 border border-slate-500 hover:border-slate-200 mb-1 mr-1"
          title="10 Jul 2023"
        />
        <div
          class="rounded w-6 h-6 border border-slate-500 hover:border-slate-200 mb-1 mr-1"
          title="11 Jul 2023"
        />
        <div
          class="rounded w-6 h-6 border border-slate-500 hover:border-slate-200 mb-1 mr-1"
          title="12 Jul 2023"
        />
        <div
          class="rounded w-6 h-6 border border-slate-500 hover:border-slate-200 mb-1 mr-1"
          title="13 Jul 2023"
        />
        <div
          class="rounded w-6 h-6 border border-slate-500 hover:border-slate-200 mb-1 mr-1"
          title="14 Jul 2023"
        />
        <div
          class="rounded w-6 h-6 border border-slate-500 hover:border-slate-200 mb-1 mr-1"
          title="15 Jul 2023"
        />
        <div
          class="rounded w-6 h-6 border border-slate-500 hover:border-slate-200 mb-1 mr-1"
          title="16 Jul 2023"
        />
        <div
          class="rounded w-6 h-6 border border-slate-500 hover:border-slate-200 mb-1 mr-1"
          title="17 Jul 2023"
        />
        <div
          class="rounded w-6 h-6 border border-slate-500 hover:border-slate-200 mb-1 mr-1"
          title="18 Jul 2023"
        />
        <div
          class="rounded w-6 h-6 border border-slate-500 hover:border-slate-200 mb-1 mr-1"
          title="19 Jul 2023"
        />
        <div
          class="rounded w-6 h-6 border border-slate-500 hover:border-slate-200 mb-1 mr-1"
          title="20 Jul 2023"
        />
        <div
          class="rounded w-6 h-6 border border-slate-500 hover:border-slate-200 mb-1 mr-1"
          title="21 Jul 2023"
        />
        <div
          class="rounded w-6 h-6 border border-slate-500 hover:border-slate-200 mb-1 mr-1"
          title="22 Jul 2023"
        />
        <div
          class="rounded w-6 h-6 border border-slate-500 hover:border-slate-200 mb-1 mr-1"
          title="23 Jul 2023"
        />
        <div
          class="rounded w-6 h-6 border border-slate-500 hover:border-slate-200 mb-1 mr-1"
          title="24 Jul 2023"
        />
        <div
          class="rounded w-6 h-6 border border-slate-500 hover:border-slate-200 mb-1 mr-1"
          title="25 Jul 2023"
        />
        <div
          class="rounded w-6 h-6 border border-slate-500 hover:border-slate-200 mb-1 mr-1"
          title="26 Jul 2023"
        />
        <div
          class="rounded w-6 h-6 border border-slate-500 hover:border-slate-200 mb-1 mr-1"
          title="27 Jul 2023"
        />
        <div
          class="rounded w-6 h-6 border border-slate-500 hover:border-slate-200 mb-1 mr-1"
          title="28 Jul 2023"
        />
        <div
          class="rounded w-6 h-6 border border-slate-500 hover:border-slate-200 mb-1 mr-1"
          title="29 Jul 2023"
        />
        <div
          class="rounded w-6 h-6 border border-slate-500 hover:border-slate-200 mb-1 mr-1"
          title="30 Jul 2023"
        />
        <div
          class="rounded w-6 h-6 border border-slate-500 hover:border-slate-200 mb-1 mr-1"
          title="31 Jul 2023"
        />
      </div>
    </div>
    <div
      class="flex mb-1 items-center"
    >
      <p
        class="text-sm mb-2 tracking-tight text-zinc-600 font-extrabold whitespace-nowrap font-semibold mt-2 mr-2 min-w-[25px]"
      >
        Aug
      </p>
      <div
        class="flex flex-wrap"
      >
        <div
          class="rounded w-6 h-6 border border-slate-500 hover:border-slate-200 mb-1 mr-1"
          title="1 Aug 2023"
        />
        <div
          class="rounded w-6 h-6 border border-slate-500 hover:border-slate-200 mb-1 mr-1"
          title="2 Aug 2023"
        />
        <div
          class="rounded w-6 h-6 border border-slate-500 hover:border-slate-200 mb-1 mr-1"
          title="3 Aug 2023"
        />
        <div
          class="rounded w-6 h-6 border border-slate-500 hover:border-slate-200 mb-1 mr-1"
          title="4 Aug 2023"
        />
        <div
          class="rounded w-6 h-6 border border-slate-500 hover:border-slate-200 mb-1 mr-1"
          title="5 Aug 2023"
        />
        <div
          class="rounded w-6 h-6 border border-slate-500 hover:border-slate-200 mb-1 mr-1"
          title="6 Aug 2023"
        />
        <div
          class="rounded w-6 h-6 border border-slate-500 hover:border-slate-200 mb-1 mr-1"
          title="7 Aug 2023"
        />
        <div
          class="rounded w-6 h-6 border border-slate-500 hover:border-slate-200 mb-1 mr-1"
          title="8 Aug 2023"
        />
        <div
          class="rounded w-6 h-6 border border-slate-500 hover:border-slate-200 mb-1 mr-1"
          title="9 Aug 2023"
        />
        <div
          class="rounded w-6 h-6 border border-slate-500 hover:border-slate-200 mb-1 mr-1"
          title="10 Aug 2023"
        />
        <div
          class="rounded w-6 h-6 border border-slate-500 hover:border-slate-200 mb-1 mr-1"
          title="11 Aug 2023"
        />
        <div
          class="rounded w-6 h-6 border border-slate-500 hover:border-slate-200 mb-1 mr-1"
          title="12 Aug 2023"
        />
        <div
          class="rounded w-6 h-6 border border-slate-500 hover:border-slate-200 mb-1 mr-1"
          title="13 Aug 2023"
        />
        <div
          class="rounded w-6 h-6 border border-slate-500 hover:border-slate-200 mb-1 mr-1"
          title="14 Aug 2023"
        />
        <div
          class="rounded w-6 h-6 border border-slate-500 hover:border-slate-200 mb-1 mr-1"
          title="15 Aug 2023"
        />
        <div
          class="rounded w-6 h-6 border border-slate-500 hover:border-slate-200 mb-1 mr-1"
          title="16 Aug 2023"
        />
        <div
          class="rounded w-6 h-6 border border-slate-500 hover:border-slate-200 mb-1 mr-1"
          title="17 Aug 2023"
        />
        <div
          class="rounded w-6 h-6 border border-slate-500 hover:border-slate-200 mb-1 mr-1"
          title="18 Aug 2023"
        />
        <div
          class="rounded w-6 h-6 border border-slate-500 hover:border-slate-200 mb-1 mr-1"
          title="19 Aug 2023"
        />
        <div
          class="rounded w-6 h-6 border border-slate-500 hover:border-slate-200 mb-1 mr-1"
          title="20 Aug 2023"
        />
        <div
          class="rounded w-6 h-6 border border-slate-500 hover:border-slate-200 mb-1 mr-1"
          title="21 Aug 2023"
        />
        <div
          class="rounded w-6 h-6 border border-slate-500 hover:border-slate-200 mb-1 mr-1"
          title="22 Aug 2023"
        />
        <div
          class="rounded w-6 h-6 border border-slate-500 hover:border-slate-200 mb-1 mr-1"
          title="23 Aug 2023"
        />
        <div
          class="rounded w-6 h-6 border border-slate-500 hover:border-slate-200 mb-1 mr-1"
          title="24 Aug 2023"
        />
        <div
          class="rounded w-6 h-6 border border-slate-500 hover:border-slate-200 mb-1 mr-1"
          title="25 Aug 2023"
        />
        <div
          class="rounded w-6 h-6 border border-slate-500 hover:border-slate-200 mb-1 mr-1"
          title="26 Aug 2023"
        />
        <div
          class="rounded w-6 h-6 border border-slate-500 hover:border-slate-200 mb-1 mr-1"
          title="27 Aug 2023"
        />
        <div
          class="rounded w-6 h-6 border border-slate-500 hover:border-slate-200 mb-1 mr-1"
          title="28 Aug 2023"
        />
        <div
          class="rounded w-6 h-6 border border-slate-500 hover:border-slate-200 mb-1 mr-1"
          title="29 Aug 2023"
        />
        <div
          class="rounded w-6 h-6 border border-slate-500 hover:border-slate-200 mb-1 mr-1"
          title="30 Aug 2023"
        />
        <div
          class="rounded w-6 h-6 border border-slate-500 hover:border-slate-200 mb-1 mr-1"
          title="31 Aug 2023"
        />
      </div>
    </div>
    <div
      class="flex mb-1 items-center"
    >
      <p
        class="text-sm mb-2 tracking-tight text-zinc-600 font-extrabold whitespace-nowrap font-semibold mt-2 mr-2 min-w-[25px]"
      >
        Sep
      </p>
      <div
        class="flex flex-wrap"
      >
        <div
          class="rounded w-6 h-6 border border-slate-500 hover:border-slate-200 mb-1 mr-1"
          title="1 Sep 2023"
        />
        <div
          class="rounded w-6 h-6 border border-slate-500 hover:border-slate-200 mb-1 mr-1"
          title="2 Sep 2023"
        />
        <div
          class="rounded w-6 h-6 border border-slate-500 hover:border-slate-200 mb-1 mr-1"
          title="3 Sep 2023"
        />
        <div
          class="rounded w-6 h-6 border border-slate-500 hover:border-slate-200 mb-1 mr-1"
          title="4 Sep 2023"
        />
        <div
          class="rounded w-6 h-6 border border-slate-500 hover:border-slate-200 mb-1 mr-1"
          title="5 Sep 2023"
        />
        <div
          class="rounded w-6 h-6 border border-slate-500 hover:border-slate-200 mb-1 mr-1"
          title="6 Sep 2023"
        />
        <div
          class="rounded w-6 h-6 border border-slate-500 hover:border-slate-200 mb-1 mr-1"
          title="7 Sep 2023"
        />
        <div
          class="rounded w-6 h-6 border border-slate-500 hover:border-slate-200 mb-1 mr-1"
          title="8 Sep 2023"
        />
        <div
          class="rounded w-6 h-6 border border-slate-500 hover:border-slate-200 mb-1 mr-1"
          title="9 Sep 2023"
        />
        <div
          class="rounded w-6 h-6 border border-slate-500 hover:border-slate-200 mb-1 mr-1"
          title="10 Sep 2023"
        />
        <div
          class="rounded w-6 h-6 border border-slate-500 hover:border-slate-200 mb-1 mr-1"
          title="11 Sep 2023"
        />
        <div
          class="rounded w-6 h-6 border border-slate-500 hover:border-slate-200 mb-1 mr-1"
          title="12 Sep 2023"
        />
        <div
          class="rounded w-6 h-6 border border-slate-500 hover:border-slate-200 mb-1 mr-1"
          title="13 Sep 2023"
        />
        <div
          class="rounded w-6 h-6 border border-slate-500 hover:border-slate-200 mb-1 mr-1"
          title="14 Sep 2023"
        />
        <div
          class="rounded w-6 h-6 border border-slate-500 hover:border-slate-200 mb-1 mr-1"
          title="15 Sep 2023"
        />
        <div
          class="rounded w-6 h-6 border border-slate-500 hover:border-slate-200 mb-1 mr-1"
          title="16 Sep 2023"
        />
        <div
          class="rounded w-6 h-6 border border-slate-500 hover:border-slate-200 mb-1 mr-1"
          title="17 Sep 2023"
        />
        <div
          class="rounded w-6 h-6 border border-slate-500 hover:border-slate-200 mb-1 mr-1"
          title="18 Sep 2023"
        />
        <div
          class="rounded w-6 h-6 border border-slate-500 hover:border-slate-200 mb-1 mr-1"
          title="19 Sep 2023"
        />
        <div
          class="rounded w-6 h-6 border border-slate-500 hover:border-slate-200 mb-1 mr-1"
          title="20 Sep 2023"
        />
        <div
          class="rounded w-6 h-6 border border-slate-500 hover:border-slate-200 mb-1 mr-1"
          title="21 Sep 2023"
        />
        <div
          class="rounded w-6 h-6 border border-slate-500 hover:border-slate-200 mb-1 mr-1"
          title="22 Sep 2023"
        />
        <div
          class="rounded w-6 h-6 border border-slate-500 hover:border-slate-200 mb-1 mr-1"
          title="23 Sep 2023"
        />
        <div
          class="rounded w-6 h-6 border border-slate-500 hover:border-slate-200 mb-1 mr-1"
          title="24 Sep 2023"
        />
        <div
          class="rounded w-6 h-6 border border-slate-500 hover:border-slate-200 mb-1 mr-1"
          title="25 Sep 2023"
        />
        <div
          class="rounded w-6 h-6 border border-slate-500 hover:border-slate-200 mb-1 mr-1"
          title="26 Sep 2023"
        />
        <div
          class="rounded w-6 h-6 border border-slate-500 hover:border-slate-200 mb-1 mr-1"
          title="27 Sep 2023"
        />
        <div
          class="rounded w-6 h-6 border border-slate-500 hover:border-slate-200 mb-1 mr-1"
          title="28 Sep 2023"
        />
        <div
          class="rounded w-6 h-6 border border-slate-500 hover:border-slate-200 mb-1 mr-1"
          title="29 Sep 2023"
        />
        <div
          class="rounded w-6 h-6 border border-slate-500 hover:border-slate-200 mb-1 mr-1"
          title="30 Sep 2023"
        />
      </div>
    </div>
    <div
      class="flex mb-1 items-center"
    >
      <p
        class="text-sm mb-2 tracking-tight text-zinc-600 font-extrabold whitespace-nowrap font-semibold mt-2 mr-2 min-w-[25px]"
      >
        Oct
      </p>
      <div
        class="flex flex-wrap"
      >
        <div
          class="rounded w-6 h-6 border border-slate-500 hover:border-slate-200 mb-1 mr-1"
          title="1 Oct 2023"
        />
        <div
          class="rounded w-6 h-6 border border-slate-500 hover:border-slate-200 mb-1 mr-1"
          title="2 Oct 2023"
        />
        <div
          class="rounded w-6 h-6 border border-slate-500 hover:border-slate-200 mb-1 mr-1"
          title="3 Oct 2023"
        />
        <div
          class="rounded w-6 h-6 border border-slate-500 hover:border-slate-200 mb-1 mr-1"
          title="4 Oct 2023"
        />
        <div
          class="rounded w-6 h-6 border border-slate-500 hover:border-slate-200 mb-1 mr-1"
          title="5 Oct 2023"
        />
        <div
          class="rounded w-6 h-6 border border-slate-500 hover:border-slate-200 mb-1 mr-1"
          title="6 Oct 2023"
        />
        <div
          class="rounded w-6 h-6 border border-slate-500 hover:border-slate-200 mb-1 mr-1"
          title="7 Oct 2023"
        />
        <div
          class="rounded w-6 h-6 border border-slate-500 hover:border-slate-200 mb-1 mr-1"
          title="8 Oct 2023"
        />
        <div
          class="rounded w-6 h-6 border border-slate-500 hover:border-slate-200 mb-1 mr-1"
          title="9 Oct 2023"
        />
        <div
          class="rounded w-6 h-6 border border-slate-500 hover:border-slate-200 mb-1 mr-1"
          title="10 Oct 2023"
        />
        <div
          class="rounded w-6 h-6 border border-slate-500 hover:border-slate-200 mb-1 mr-1"
          title="11 Oct 2023"
        />
        <div
          class="rounded w-6 h-6 border border-slate-500 hover:border-slate-200 mb-1 mr-1"
          title="12 Oct 2023"
        />
        <div
          class="rounded w-6 h-6 border border-slate-500 hover:border-slate-200 mb-1 mr-1"
          title="13 Oct 2023"
        />
        <div
          class="rounded w-6 h-6 border border-slate-500 hover:border-slate-200 mb-1 mr-1"
          title="14 Oct 2023"
        />
        <div
          class="rounded w-6 h-6 border border-slate-500 hover:border-slate-200 mb-1 mr-1"
          title="15 Oct 2023"
        />
        <div
          class="rounded w-6 h-6 border border-slate-500 hover:border-slate-200 mb-1 mr-1"
          title="16 Oct 2023"
        />
        <div
          class="rounded w-6 h-6 border border-slate-500 hover:border-slate-200 mb-1 mr-1"
          title="17 Oct 2023"
        />
        <div
          class="rounded w-6 h-6 border border-slate-500 hover:border-slate-200 mb-1 mr-1"
          title="18 Oct 2023"
        />
        <div
          class="rounded w-6 h-6 border border-slate-500 hover:border-slate-200 mb-1 mr-1"
          title="19 Oct 2023"
        />
        <div
          class="rounded w-6 h-6 border border-slate-500 hover:border-slate-200 mb-1 mr-1"
          title="20 Oct 2023"
        />
        <div
          class="rounded w-6 h-6 border border-slate-500 hover:border-slate-200 mb-1 mr-1"
          title="21 Oct 2023"
        />
        <div
          class="rounded w-6 h-6 border border-slate-500 hover:border-slate-200 mb-1 mr-1"
          title="22 Oct 2023"
        />
        <div
          class="rounded w-6 h-6 border border-slate-500 hover:border-slate-200 mb-1 mr-1"
          title="23 Oct 2023"
        />
        <div
          class="rounded w-6 h-6 border border-slate-500 hover:border-slate-200 mb-1 mr-1"
          title="24 Oct 2023"
        />
        <div
          class="rounded w-6 h-6 border border-slate-500 hover:border-slate-200 mb-1 mr-1"
          title="25 Oct 2023"
        />
        <div
          class="rounded w-6 h-6 border border-slate-500 hover:border-slate-200 mb-1 mr-1"
          title="26 Oct 2023"
        />
        <div
          class="rounded w-6 h-6 border border-slate-500 hover:border-slate-200 mb-1 mr-1"
          title="27 Oct 2023"
        />
        <div
          class="rounded w-6 h-6 border border-slate-500 hover:border-slate-200 mb-1 mr-1"
          title="28 Oct 2023"
        />
        <div
          class="rounded w-6 h-6 border border-slate-500 hover:border-slate-200 mb-1 mr-1"
          title="29 Oct 2023"
        />
        <div
          class="rounded w-6 h-6 border border-slate-500 hover:border-slate-200 mb-1 mr-1"
          title="30 Oct 2023"
        />
        <div
          class="rounded w-6 h-6 border border-slate-500 hover:border-slate-200 mb-1 mr-1"
          title="31 Oct 2023"
        />
      </div>
    </div>
    <div
      class="flex mb-1 items-center"
    >
      <p
        class="text-sm mb-2 tracking-tight text-zinc-600 font-extrabold whitespace-nowrap font-semibold mt-2 mr-2 min-w-[25px]"
      >
        Nov
      </p>
      <div
        class="flex flex-wrap"
      >
        <div
          class="rounded w-6 h-6 border border-slate-500 hover:border-slate-200 mb-1 mr-1"
          title="1 Nov 2023"
        />
        <div
          class="rounded w-6 h-6 border border-slate-500 hover:border-slate-200 mb-1 mr-1"
          title="2 Nov 2023"
        />
        <div
          class="rounded w-6 h-6 border border-slate-500 hover:border-slate-200 mb-1 mr-1"
          title="3 Nov 2023"
        />
        <div
          class="rounded w-6 h-6 border border-slate-500 hover:border-slate-200 mb-1 mr-1"
          title="4 Nov 2023"
        />
        <div
          class="rounded w-6 h-6 border border-slate-500 hover:border-slate-200 mb-1 mr-1"
          title="5 Nov 2023"
        />
        <div
          class="rounded w-6 h-6 border border-slate-500 hover:border-slate-200 mb-1 mr-1"
          title="6 Nov 2023"
        />
        <div
          class="rounded w-6 h-6 border border-slate-500 hover:border-slate-200 mb-1 mr-1"
          title="7 Nov 2023"
        />
        <div
          class="rounded w-6 h-6 border border-slate-500 hover:border-slate-200 mb-1 mr-1"
          title="8 Nov 2023"
        />
        <div
          class="rounded w-6 h-6 border border-slate-500 hover:border-slate-200 mb-1 mr-1"
          title="9 Nov 2023"
        />
        <div
          class="rounded w-6 h-6 border border-slate-500 hover:border-slate-200 mb-1 mr-1"
          title="10 Nov 2023"
        />
        <div
          class="rounded w-6 h-6 border border-slate-500 hover:border-slate-200 mb-1 mr-1"
          title="11 Nov 2023"
        />
        <div
          class="rounded w-6 h-6 border border-slate-500 hover:border-slate-200 mb-1 mr-1"
          title="12 Nov 2023"
        />
        <div
          class="rounded w-6 h-6 border border-slate-500 hover:border-slate-200 mb-1 mr-1"
          title="13 Nov 2023"
        />
        <div
          class="rounded w-6 h-6 border border-slate-500 hover:border-slate-200 mb-1 mr-1"
          title="14 Nov 2023"
        />
        <div
          class="rounded w-6 h-6 border border-slate-500 hover:border-slate-200 mb-1 mr-1"
          title="15 Nov 2023"
        />
        <div
          class="rounded w-6 h-6 border border-slate-500 hover:border-slate-200 mb-1 mr-1"
          title="16 Nov 2023"
        />
        <div
          class="rounded w-6 h-6 border border-slate-500 hover:border-slate-200 mb-1 mr-1"
          title="17 Nov 2023"
        />
        <div
          class="rounded w-6 h-6 border border-slate-500 hover:border-slate-200 mb-1 mr-1"
          title="18 Nov 2023"
        />
        <div
          class="rounded w-6 h-6 border border-slate-500 hover:border-slate-200 mb-1 mr-1"
          title="19 Nov 2023"
        />
        <div
          class="rounded w-6 h-6 border border-slate-500 hover:border-slate-200 mb-1 mr-1"
          title="20 Nov 2023"
        />
        <div
          class="rounded w-6 h-6 border border-slate-500 hover:border-slate-200 mb-1 mr-1"
          title="21 Nov 2023"
        />
        <div
          class="rounded w-6 h-6 border border-slate-500 hover:border-slate-200 mb-1 mr-1"
          title="22 Nov 2023"
        />
        <div
          class="rounded w-6 h-6 border border-slate-500 hover:border-slate-200 mb-1 mr-1"
          title="23 Nov 2023"
        />
        <div
          class="rounded w-6 h-6 border border-slate-500 hover:border-slate-200 mb-1 mr-1"
          title="24 Nov 2023"
        />
        <div
          class="rounded w-6 h-6 border border-slate-500 hover:border-slate-200 mb-1 mr-1"
          title="25 Nov 2023"
        />
        <div
          class="rounded w-6 h-6 border border-slate-500 hover:border-slate-200 mb-1 mr-1"
          title="26 Nov 2023"
        />
        <div
          class="rounded w-6 h-6 border border-slate-500 hover:border-slate-200 mb-1 mr-1"
          title="27 Nov 2023"
        />
        <div
          class="rounded w-6 h-6 border border-slate-500 hover:border-slate-200 mb-1 mr-1"
          title="28 Nov 2023"
        />
        <div
          class="rounded w-6 h-6 border border-slate-500 hover:border-slate-200 mb-1 mr-1"
          title="29 Nov 2023"
        />
        <div
          class="rounded w-6 h-6 border border-slate-500 hover:border-slate-200 mb-1 mr-1"
          title="30 Nov 2023"
        />
      </div>
    </div>
    <div
      class="flex mb-1 items-center"
    >
      <p
        class="text-sm mb-2 tracking-tight text-zinc-600 font-extrabold whitespace-nowrap font-semibold mt-2 mr-2 min-w-[25px]"
      >
        Dec
      </p>
      <div
        class="flex flex-wrap"
      >
        <div
          class="rounded w-6 h-6 border border-slate-500 hover:border-slate-200 mb-1 mr-1"
          title="1 Dec 2023"
        />
        <div
          class="rounded w-6 h-6 border border-slate-500 hover:border-slate-200 mb-1 mr-1"
          title="2 Dec 2023"
        />
        <div
          class="rounded w-6 h-6 border border-slate-500 hover:border-slate-200 mb-1 mr-1"
          title="3 Dec 2023"
        />
        <div
          class="rounded w-6 h-6 border border-slate-500 hover:border-slate-200 mb-1 mr-1"
          title="4 Dec 2023"
        />
        <div
          class="rounded w-6 h-6 border border-slate-500 hover:border-slate-200 mb-1 mr-1"
          title="5 Dec 2023"
        />
        <div
          class="rounded w-6 h-6 border border-slate-500 hover:border-slate-200 mb-1 mr-1"
          title="6 Dec 2023"
        />
        <div
          class="rounded w-6 h-6 border border-slate-500 hover:border-slate-200 mb-1 mr-1"
          title="7 Dec 2023"
        />
        <div
          class="rounded w-6 h-6 border border-slate-500 hover:border-slate-200 mb-1 mr-1"
          title="8 Dec 2023"
        />
        <div
          class="rounded w-6 h-6 border border-slate-500 hover:border-slate-200 mb-1 mr-1"
          title="9 Dec 2023"
        />
        <div
          class="rounded w-6 h-6 border border-slate-500 hover:border-slate-200 mb-1 mr-1"
          title="10 Dec 2023"
        />
        <div
          class="rounded w-6 h-6 border border-slate-500 hover:border-slate-200 mb-1 mr-1"
          title="11 Dec 2023"
        />
        <div
          class="rounded w-6 h-6 border border-slate-500 hover:border-slate-200 mb-1 mr-1"
          title="12 Dec 2023"
        />
        <div
          class="rounded w-6 h-6 border border-slate-500 hover:border-slate-200 mb-1 mr-1"
          title="13 Dec 2023"
        />
        <div
          class="rounded w-6 h-6 border border-slate-500 hover:border-slate-200 mb-1 mr-1"
          title="14 Dec 2023"
        />
        <div
          class="rounded w-6 h-6 border border-slate-500 hover:border-slate-200 mb-1 mr-1"
          title="15 Dec 2023"
        />
        <div
          class="rounded w-6 h-6 border border-slate-500 hover:border-slate-200 mb-1 mr-1"
          title="16 Dec 2023"
        />
        <div
          class="rounded w-6 h-6 border border-slate-500 hover:border-slate-200 mb-1 mr-1"
          title="17 Dec 2023"
        />
        <div
          class="rounded w-6 h-6 border border-slate-500 hover:border-slate-200 mb-1 mr-1"
          title="18 Dec 2023"
        />
        <div
          class="rounded w-6 h-6 border border-slate-500 hover:border-slate-200 mb-1 mr-1"
          title="19 Dec 2023"
        />
        <div
          class="rounded w-6 h-6 border border-slate-500 hover:border-slate-200 mb-1 mr-1"
          title="20 Dec 2023"
        />
        <div
          class="rounded w-6 h-6 border border-slate-500 hover:border-slate-200 mb-1 mr-1"
          title="21 Dec 2023"
        />
        <div
          class="rounded w-6 h-6 border border-slate-500 hover:border-slate-200 mb-1 mr-1"
          title="22 Dec 2023"
        />
        <div
          class="rounded w-6 h-6 border border-slate-500 hover:border-slate-200 mb-1 mr-1"
          title="23 Dec 2023"
        />
        <div
          class="rounded w-6 h-6 border border-slate-500 hover:border-slate-200 mb-1 mr-1"
          title="24 Dec 2023"
        />
        <div
          class="rounded w-6 h-6 border border-slate-500 hover:border-slate-200 mb-1 mr-1"
          title="25 Dec 2023"
        />
        <div
          class="rounded w-6 h-6 border border-slate-500 hover:border-slate-200 mb-1 mr-1"
          title="26 Dec 2023"
        />
        <div
          class="rounded w-6 h-6 border border-slate-500 hover:border-slate-200 mb-1 mr-1"
          title="27 Dec 2023"
        />
        <div
          class="rounded w-6 h-6 border border-slate-500 hover:border-slate-200 mb-1 mr-1"
          title="28 Dec 2023"
        />
        <div
          class="rounded w-6 h-6 border border-slate-500 hover:border-slate-200 mb-1 mr-1"
          title="29 Dec 2023"
        />
        <div
          class="rounded w-6 h-6 border border-slate-500 hover:border-slate-200 mb-1 mr-1"
          title="30 Dec 2023"
        />
        <div
          class="rounded w-6 h-6 border border-slate-500 hover:border-slate-200 mb-1 mr-1"
          title="31 Dec 2023"
        />
      </div>
    </div>
  </div>
</DocumentFragment>
`;
