// Jest Snapshot v1, https://goo.gl/fbAQLP

exports[`LoginScreen should render correctly 1`] = `
<DocumentFragment>
  <main
    class="relative h-screen flex flex-1 flex-col overflow-hidden px-4 py-8 sm:px-6 lg:px-8"
  >
    <div
      class="relative flex flex-1 flex-col items-center justify-center pb-16 pt-12"
    >
      <form
        class="w-full max-w-sm"
      >
        <div
          class="mb-6"
        >
          <label
            class="block text-sm font-semibold leading-6"
            for="email"
          >
            Email
          </label>
          <input
            aria-label="email"
            autocomplete="username"
            class="bg-transparent mt-2 appearance-none text-slate-100 rounded-md block w-full px-3 h-10 shadow-sm sm:text-sm focus:outline-none placeholder:text-slate-300 focus:ring-2 focus:ring-sky-500 ring-1 ring-slate-200"
            id="email"
            name="email"
            required=""
            type="email"
          />
        </div>
        <div
          class="mb-6"
        >
          <label
            class="block text-sm font-semibold leading-6"
            for="password"
          >
            Password
          </label>
          <input
            aria-label="password"
            autocomplete="current-password"
            class="bg-transparent mt-2 appearance-none text-slate-100 rounded-md block w-full px-3 h-10 shadow-sm sm:text-sm focus:outline-none placeholder:text-slate-300 focus:ring-2 focus:ring-sky-500 ring-1 ring-slate-200"
            id="password"
            name="password"
            required=""
            type="password"
          />
        </div>
        <button
          class="text-sm button py-2 px-6 rounded-full inline-flex justify-center rounded-lg text-sm font-semibold py-2.5 px-4 bg-slate-300 text-slate-900 hover:bg-slate-200 w-full"
          type="submit"
        >
          Sign in
        </button>
      </form>
    </div>
    <footer
      class="relative shrink-0"
    >
      <div
        class="space-y-4 text-sm sm:flex sm:items-center sm:justify-center sm:space-x-4 sm:space-y-0"
      >
        <p
          class="text-center sm:text-left"
        >
          Don't have an account?
        </p>
        <a
          class="text-sm whitespace-nowrap py-2 px-6 rounded-full inline-flex justify-center rounded-lg font-semibold py-2.5 px-4 ring-1 ring-slate-300/10 hover:ring-slate-200/20"
          href="/register"
        >
          Register
        </a>
      </div>
    </footer>
  </main>
</DocumentFragment>
`;
