// Jest Snapshot v1, https://goo.gl/fbAQLP

exports[`ProfileScreen should render correctly 1`] = `
<DocumentFragment>
  <h2
    class="mb-4 font-extrabold tracking-tight text-zinc-600 dark:text-zinc-200 text-2xl"
    level="h4"
  >
    Your profile
  </h2>
  <p
    class="text-sm mb-2 tracking-tight text-zinc-600 dark:text-zinc-200"
  >
    Welcome 
    <strong>
      User name!
    </strong>
     You can view this page because you're logged in
  </p>
</DocumentFragment>
`;
