// Jest Snapshot v1, https://goo.gl/fbAQLP

exports[`RegisterScreen should render correctly 1`] = `
<DocumentFragment>
  <div
    class="relative h-screen flex flex-1 flex-col overflow-hidden"
  >
    <header
      class="sticky top-0 z-40 w-full backdrop-blur transition-colors duration-500 border-b border-slate-900/10 text-sm font-semibold leading-6"
    >
      <div
        class="max-w-6xl mx-auto"
      >
        <div
          class="py-4 px-6"
        >
          <div
            class="relative flex items-center"
          >
            <div
              class="relative flex items-center ml-auto"
            >
              <a
                class="text-sm whitespace-nowrap py-2 px-6 justify-center font-extrabold py-2.5 px-4 text-zinc-600 hover:text-lime-600"
                href="/login"
              >
                Sign in
              </a>
              <a
                class="text-sm whitespace-nowrap py-2 px-6 justify-center font-extrabold py-2.5 px-4 w-full shadow text-zinc-100 rounded-full opacity-90 hover:opacity-100 bg-lime-600"
                href="/register"
              >
                Register
              </a>
            </div>
          </div>
        </div>
      </div>
    </header>
    <div
      class="relative flex flex-1 flex-col items-center justify-center"
    >
      <form
        class="w-full max-w-md p-6"
      >
        <h2
          class="mb-4 font-extrabold tracking-tight text-zinc-600 text-2xl text-center"
          level="h4"
        >
          Create an account
        </h2>
        <div
          class="mb-6"
        >
          <label
            class="block text-sm font-semibold leading-6 mb-2 text-zinc-600"
            for="text"
          >
            Name
          </label>
          <input
            aria-label="name"
            class="bg-transparent appearance-none text-zinc-600 rounded-md block w-full px-3 h-10 shadow-sm sm:text-sm focus:outline-none placeholder:text-slate-300 focus:ring-2 focus:ring-lime-600 ring-1 ring-slate-200"
            id="text"
            name="name"
            required=""
            type="text"
          />
        </div>
        <div
          class="mb-6"
        >
          <label
            class="block text-sm font-semibold leading-6 mb-2 text-zinc-600"
            for="email"
          >
            Email
          </label>
          <input
            aria-label="email"
            class="bg-transparent appearance-none text-zinc-600 rounded-md block w-full px-3 h-10 shadow-sm sm:text-sm focus:outline-none placeholder:text-slate-300 focus:ring-2 focus:ring-lime-600 ring-1 ring-slate-200"
            id="email"
            name="email"
            required=""
            type="email"
          />
        </div>
        <div
          class="mb-6"
        >
          <label
            class="block text-sm font-semibold leading-6 mb-2 text-zinc-600"
            for="password"
          >
            Password
          </label>
          <input
            aria-label="password"
            class="bg-transparent appearance-none text-zinc-600 rounded-md block w-full px-3 h-10 shadow-sm sm:text-sm focus:outline-none placeholder:text-slate-300 focus:ring-2 focus:ring-lime-600 ring-1 ring-slate-200"
            id="password"
            name="password"
            required=""
            type="password"
          />
        </div>
        <div
          class="mb-6"
        >
          <label
            class="block text-sm font-semibold leading-6 mb-2 text-zinc-600"
            for="password"
          >
            Confirm password
          </label>
          <input
            aria-label="password_confirmation"
            class="bg-transparent appearance-none text-zinc-600 rounded-md block w-full px-3 h-10 shadow-sm sm:text-sm focus:outline-none placeholder:text-slate-300 focus:ring-2 focus:ring-lime-600 ring-1 ring-slate-200"
            id="password"
            name="password_confirmation"
            required=""
            type="password"
          />
        </div>
        <button
          class="opacity-90 hover:opacity-100 text-sm button py-2 px-6 rounded-full inline-flex justify-center text-sm font-semibold py-2.5 px-4 shadow text-zinc-100 hover:bg-slate-200 bg-lime-600 w-full"
          type="sumit"
        >
          Create account
        </button>
      </form>
    </div>
    <footer
      class="relative shrink-0 my-8"
    >
      <div
        class="space-y-4 text-sm sm:flex sm:items-center sm:justify-center sm:space-x-4 sm:space-y-0"
      >
        <p
          class="text-center sm:text-left"
        >
          Already have an account?
        </p>
        <a
          class="text-sm whitespace-nowrap py-2 px-6 justify-center font-extrabold py-2.5 px-4 ring-1 ring-slate-300/10 hover:ring-slate-200/20 shadow rounded-full"
          href="/login"
        >
          Sign in
        </a>
      </div>
    </footer>
  </div>
</DocumentFragment>
`;
